Archive member included because of file (symbol)

C:\nburn\lib\MOD5213.a(bsp.o)
                              ./i2c_sub.o (SetIntc)
C:\nburn\lib\MOD5213.a(magic.o)
                              C:\nburn\lib\MOD5213.a(bsp.o) (pMagic)
C:\nburn\lib\MOD5213.a(atexit.o)
                              c:/nburn/gcc-m68k/bin/../lib/gcc/m68k-elf/4.2.1/../../../../m68k-elf/lib/m5213\nb-crt0.o (atexit)
C:\nburn\lib\MOD5213.a(userflash.o)
                              ./sensor_config.o (SaveUserParameters)
C:\nburn\lib\MOD5213.a(irq_serial_init.o)
                              ./main.o (InitIRQUart)
C:\nburn\lib\MOD5213.a(irq_serial_read.o)
                              ./main.o (IRQ_getchar)
C:\nburn\lib\MOD5213.a(irq_serial_char_avail.o)
                              ./main.o (IRQ_charavail)
C:\nburn\lib\MOD5213.a(irq_serial_stdio.o)
                              ./main.o (IRQ_assign_stdio)
C:\nburn\lib\MOD5213.a(a2d.o)
                              ./a2d_sub.o (EnableAD(unsigned char))
C:\nburn\lib\MOD5213.a(pins.o)
                              ./i2c_sub.o (PinIO::function(int))
C:\nburn\lib\MOD5213.a(i2cmaster.o)
                              ./i2c_sub.o (Master_I2CRestart)
C:\nburn\lib\MOD5213.a(userflashasm.o)
                              C:\nburn\lib\MOD5213.a(userflash.o) (do_flash_start)
C:\nburn\lib\MOD5213.a(irq_serial_write.o)
                              C:\nburn\lib\MOD5213.a(irq_serial_stdio.o) (IRQ_writechar)
C:\nburn\lib\MOD5213.a(irq_serial_close.o)
                              C:\nburn\lib\MOD5213.a(irq_serial_stdio.o) (IRQ_close)
C:\nburn\lib\NetBurner_nn.a(ucosmcfa.o)
                              C:\nburn\lib\MOD5213.a(bsp.o) (OSCtxSw)
C:\nburn\lib\NetBurner_nn.a(ucosmcfc.o)
                              ./i2c_sub.o (OSTaskCreate)
C:\nburn\lib\NetBurner_nn.a(ucos.o)
                              C:\nburn\lib\NetBurner_nn.a(ucosmcfc.o) (OSMapTbl)
C:\nburn\lib\NetBurner_nn.a(ucosmain.o)
                              C:\nburn\lib\MOD5213.a(userflash.o) (critical_count)
C:\nburn\lib\NetBurner_nn.a(ucos_OSTimeDly.o)
                              ./main.o (OSTimeDly)
C:\nburn\lib\NetBurner_nn.a(ucos_OSLock.o)
                              ./spi_sub.o (OSLock)
C:\nburn\lib\NetBurner_nn.a(ucos_OSUnlock.o)
                              ./spi_sub.o (OSUnlock)
C:\nburn\lib\NetBurner_nn.a(ucos_OSChangePrio.o)
                              ./main.o (OSChangePrio)
C:\nburn\lib\NetBurner_nn.a(ucos_OSTaskDelete.o)
                              C:\nburn\lib\NetBurner_nn.a(ucosmcfc.o) (OSTaskDelete)
C:\nburn\lib\NetBurner_nn.a(ucos_OSSemInit.o)
                              ./main.o (OSSemInit)
C:\nburn\lib\NetBurner_nn.a(ucos_OSSemPend.o)
                              ./main.o (OSSemPend)
C:\nburn\lib\NetBurner_nn.a(ucos_OSSemPost.o)
                              ./i2c_sub.o (OSSemPost)
C:\nburn\lib\NetBurner_nn.a(ucos_OSCritInit.o)
                              ./spi_sub.o (OSCritInit)
C:\nburn\lib\NetBurner_nn.a(ucos_OSCritEnter.o)
                              ./spi_sub.o (OSCritEnter)
C:\nburn\lib\NetBurner_nn.a(ucos_OSCritLeave.o)
                              ./spi_sub.o (OSCritLeave)
C:\nburn\lib\NetBurner_nn.a(fileio.o)
                              C:\nburn\lib\MOD5213.a(irq_serial_stdio.o) (IoExpands)
C:\nburn\lib\NetBurner_nn.a(main.o)
                              c:/nburn/gcc-m68k/bin/../lib/gcc/m68k-elf/4.2.1/../../../../m68k-elf/lib/m5213\nb-crt0.o (main)
C:\nburn\lib\NetBurner_nn.a(smarttrap.o)
                              ./main.o (EnableSmartTraps)
C:\nburn\lib\NetBurner_nn.a(nbprintf.o)
                              ./main.o (iprintf)
C:\nburn\lib\NetBurner_nn.a(nbsprintf.o)
                              ./main.o (siprintf)
C:\nburn\lib\MOD5213.a(localio.o)
                              C:\nburn\lib\NetBurner_nn.a(fileio.o) (LocalInByte)
c:/nburn/gcc-m68k/bin/../lib/gcc/m68k-elf/4.2.1/../../../../m68k-elf/lib/m5213\libm.a(lib_a-s_cos.o)
                              ./exmath.o (cos)
c:/nburn/gcc-m68k/bin/../lib/gcc/m68k-elf/4.2.1/../../../../m68k-elf/lib/m5213\libm.a(lib_a-sf_isinff.o)
                              ./imu.o (__isinff)
c:/nburn/gcc-m68k/bin/../lib/gcc/m68k-elf/4.2.1/../../../../m68k-elf/lib/m5213\libm.a(lib_a-sf_isnanf.o)
                              ./imu.o (__isnanf)
c:/nburn/gcc-m68k/bin/../lib/gcc/m68k-elf/4.2.1/../../../../m68k-elf/lib/m5213\libm.a(lib_a-s_sin.o)
                              ./exmath.o (sin)
c:/nburn/gcc-m68k/bin/../lib/gcc/m68k-elf/4.2.1/../../../../m68k-elf/lib/m5213\libm.a(lib_a-w_acos.o)
                              ./exmath.o (acos)
c:/nburn/gcc-m68k/bin/../lib/gcc/m68k-elf/4.2.1/../../../../m68k-elf/lib/m5213\libm.a(lib_a-w_asin.o)
                              ./imu.o (asin)
c:/nburn/gcc-m68k/bin/../lib/gcc/m68k-elf/4.2.1/../../../../m68k-elf/lib/m5213\libm.a(lib_a-w_atan2.o)
                              ./main.o (atan2)
c:/nburn/gcc-m68k/bin/../lib/gcc/m68k-elf/4.2.1/../../../../m68k-elf/lib/m5213\libm.a(lib_a-w_sqrt.o)
[...]
Memory Configuration

Name             Origin             Length             Attributes
rom              0xffc04010         0x00038000         xr
ram              0x20000400         0x00007b00         xrw
*default*        0x00000000         0xffffffff

Linker script and memory map

LOAD c:/nburn/gcc-m68k/bin/../lib/gcc/m68k-elf/4.2.1/../../../../m68k-elf/lib/m5213\nb-crt0.o
LOAD c:/nburn/gcc-m68k/bin/../lib/gcc/m68k-elf/4.2.1/m5213/crtbegin.o
LOAD C:\nburn\MOD5213\lib\sys.ld
                0x20000000                vector_base = 0x20000000
                0x40000000                sim = 0x40000000
                0xffc04000                apprecord = 0xffc04000
                0x20000000                config_record_value = 0x20000000
                0x20000004                CLOCK_FREQ = 0x20000004
                0xffc3d000                UserParamBase = 0xffc3d000
LOAD ./main.o
LOAD ./i2c_sub.o
LOAD ./pitr_sem.o
LOAD ./servo_drive.o
LOAD ./spi_sub.o
LOAD ./a2d_sub.o
LOAD ./log.o
LOAD ./sensor_config.o
LOAD ./imu.o
LOAD ./exmath.o
LOAD ./dsm2_sub.o
LOAD ./ublxgps.o
START GROUP
LOAD C:\nburn\lib\MOD5213.a
LOAD C:\nburn\lib\NetBurner_nn.a
END GROUP
LOAD c:/nburn/gcc-m68k/bin/../lib/gcc/m68k-elf/4.2.1/../../../../m68k-elf/lib/m5213\libstdc++.a
LOAD c:/nburn/gcc-m68k/bin/../lib/gcc/m68k-elf/4.2.1/../../../../m68k-elf/lib/m5213\libm.a
LOAD c:/nburn/gcc-m68k/bin/../lib/gcc/m68k-elf/4.2.1/m5213\libgcc.a
LOAD c:/nburn/gcc-m68k/bin/../lib/gcc/m68k-elf/4.2.1/../../../../m68k-elf/lib/m5213\libc.a
LOAD c:/nburn/gcc-m68k/bin/../lib/gcc/m68k-elf/4.2.1/m5213\libgcc.a
LOAD c:/nburn/gcc-m68k/bin/../lib/gcc/m68k-elf/4.2.1/m5213/crtend.o
START GROUP
LOAD c:/nburn/gcc-m68k/bin/../lib/gcc/m68k-elf/4.2.1/../../../../m68k-elf/lib/m5213\libc.a
LOAD c:/nburn/gcc-m68k/bin/../lib/gcc/m68k-elf/4.2.1/m5213\libgcc.a
LOAD c:/nburn/gcc-m68k/bin/../lib/gcc/m68k-elf/4.2.1/../../../../m68k-elf/lib/m5213\libm.a
END GROUP
                0x00000000                __DYNAMIC = 0x0
                0x20007ffc                PROVIDE (__stack, 0x20007ffc)
                0x00000000                PROVIDE (hardware_init_hook, 0x0)
                0x00000000                PROVIDE (_hardware_init_hook, 0x0)
                0x00000000                PROVIDE (software_init_hook, 0x0)
                0x00000000                PROVIDE (_software_init_hook, 0x0)

.text           0xffc04010    0x1e040
 *(.text)
 .text          0xffc04010       0x94 c:/nburn/gcc-m68k/bin/../lib/gcc/m68k-elf/4.2.1/../../../../m68k-elf/lib/m5213\nb-crt0.o
                0xffc04010                start
 .text          0xffc040a4       0x9c c:/nburn/gcc-m68k/bin/../lib/gcc/m68k-elf/4.2.1/m5213/crtbegin.o
 .text          0xffc04140     0x2426 ./main.o
                0xffc04140                EndStatic()
                0xffc058dc                MagTest()
                0xffc04298                FillInValues(VehicleSense&, bool)
                0xffc045f4                RCTest()
                0xffc0440c                AutoTrimAct()
                0xffc05d10                CommandParser()
                0xffc04dd8                ProcessImu()
                0xffc05e48                UserMain
                0xffc052e0                BaroTest()
                0xffc049fc                ServoTest()
                0xffc04904                SetServo(int, float)
                0xffc05840                cmag(double*)
                0xffc05358                QTest()
                0xffc046b4                GPSTest()
                0xffc04524                LimitTest(short&, short, short&)
                0xffc041b4                MagScale(short, int)
                0xffc04450                NewSwitchState(unsigned short, unsigned short)
                0xffc055c8                AcelTest()
                0xffc0477c                GyroTest()
                0xffc05214                ImuZero()
                0xffc04854                ImuTest()
                0xffc04488                AutoAlieron(float)
 *fill*         0xffc06566        0x2 00
 .text          0xffc06568      0x6da ./i2c_sub.o
                0xffc06a34                ReadHMC588()
                0xffc0656c                irq_3
                0xffc06be0                InitI2CSubSystem(unsigned short, os_sem*)
                0xffc06618                InitMS5611()
                0xffc06b9c                Testcompass()
                0xffc06850                real_irq_3
                0xffc06568                fake_irq_3()
                0xffc06874                HardWarePinsInit()
                0xffc06b58                InitHMB588()
                0xffc06ae4                InitIrq3()
                0xffc06650                I2CTask(void*)
                0xffc068c8                ReadMS5611()
 *fill*         0xffc06c42        0x2 00
 .text          0xffc06c44      0x16e ./pitr_sem.o
                0xffc06c44                fake_my_pitr_func()
                0xffc06cf4                PiterSem(os_sem*, int)
                0xffc06c48                my_pitr_func
                0xffc06d7c                real_my_pitr_func
 *fill*         0xffc06db2        0x2 00
 .text          0xffc06db4      0x6ec ./servo_drive.o
                0xffc073c4                InitServoDrive()
                0xffc07284                RawSetServo(int, float)
                0xffc06dd8                NMI_C_Part
                0xffc06db4                Function_Holder()
                0xffc06db8                NMI_ASM_Part
 .text          0xffc074a0      0xc32 ./spi_sub.o
                0xffc07ffc                ChipErase()
                0xffc0757c                SetSend8(int, unsigned char, unsigned char)
                0xffc076d4                InitIrq2()
                0xffc07bc0                SPITask(void*)
                0xffc07754                WaitForSpi()
                0xffc07ef0                WriteMemoryBlock(unsigned short*, unsigned long)
                0xffc07520                Gpio4(bool)
                0xffc075c0                SetSend16(int, unsigned short, unsigned char)
                0xffc07564                SpiDone()
                0xffc07948                ReadMemory(unsigned char*, unsigned long, int)
                0xffc0783c                TestMemory()
                0xffc07624                fake_irq_2()
                0xffc074cc                fake_qspi_done()
                0xffc08048                WriteOrEraseDone()
                0xffc074d0                qspi_done
                0xffc07628                irq_2
                0xffc074a0                ShortDelay()
                0xffc0781c                real_qspi_done
                0xffc075fc                StartSpi(int, int)
                0xffc077e8                real_irq_2
                0xffc07ca8                InitISpiSubSystem(unsigned short, os_sem*)
 *fill*         0xffc080d2        0x2 00
 .text          0xffc080d4      0x15e ./a2d_sub.o
                0xffc08184                Inita2DSub()
                0xffc0814c                ReadBVx1000()
                0xffc08130                ReadA2D(int)
 *fill*         0xffc08232        0x2 00
 .text          0xffc08234     0x14aa ./log.o
                0xffc08948                ShowZeros(IMU_ZEROS&)
                0xffc08604                PutRawByte(unsigned char)
                0xffc08568                LogService()
                0xffc08340                SPutEscapedByte(unsigned char)
                0xffc08a28                ShowRC(DSM2_READING&)
                0xffc084f0                StartItemIntro(unsigned char, int, char const*)
                0xffc08b5c                ShowGps(GPS_READING&)
                0xffc08758                LogGps(GPS_READING&)
                0xffc088b0                LogErase()
                0xffc08640                PutEscapedByte(unsigned char)
                0xffc08418                FileReporter::DumpList()
                0xffc08448                ShowBaseElement(unsigned char, unsigned char*, unsigned char*, int, tNames, char const*)
                0xffc08818                LogInit()
                0xffc08798                LogAlt(ALTIMETER_READING&)
                0xffc087b8                LogZeros(IMU_ZEROS&)
                0xffc08778                LogRC(DSM2_READING&)
                0xffc08290                FileReporter::ShowList()
                0xffc0891c                LogMessage(char const*)
                0xffc087f8                LogImu(IMU_READING&)
                0xffc087d8                LogMag(COMPASS_READING&)
                0xffc0871c                LogState(StateRec&)
                0xffc08e80                ShowState(StateRec&)
                0xffc095e0                LogDump()
                0xffc08738                LogConfig(sensor_saved_config&)
                0xffc09578                DumpRecords()
                0xffc083c8                ShowFileVer(char const*)
                0xffc09048                ShowConfig(sensor_saved_config&)
                0xffc082c8                SPutRawByte(unsigned char)
                0xffc086c4                LogRawRecord(unsigned char, unsigned char const*, int)
 *fill*         0xffc096de        0x2 00
 .text          0xffc096e0      0x192 ./sensor_config.o
                0xffc09758                LoadSensorConfig()
                0xffc0973c                SaveSensorConfig()
 *fill*         0xffc09872        0x2 00
 .text          0xffc09874      0x932 ./imu.o
                0xffc0a144                IMU_Init()
                0xffc0a09c                IMU_Step(VehicleSense&, IMU_Euler&, float)
                0xffc09b14                IMU_GetErectorQuat(quat*, quat*, vec3*, vec3*, float, float)
                0xffc09e04                IMU_IntegrateGyros(float, vec3*, quat*)
                0xffc09d50                IMU_SetNorthVector(float, float)
                0xffc098d0                fromInertialToObjectQuaternion(quat&, float&, float&, float&)
                0xffc09f40                IMU_Update(float, float)
                0xffc09c6c                IMU_GetAircraftSpaceState(vec3*, vec3*, vec3*)
 *fill*         0xffc0a1a6        0x2 00
 .text          0xffc0a1a8      0xad2 ./exmath.o
                0xffc0aad0                v3normalize(vec3*, vec3*)
                0xffc0a7f0                Quat_Add(quat*, quat*, quat*)
                0xffc0a4f4                Quat_Multiply(quat*, quat*, quat*)
                0xffc0aa58                v3length(vec3*)
                0xffc0a1a8                v3set(vec3*, float, float, float)
                0xffc0a358                v3sub(vec3*, vec3*, vec3*)
                0xffc0a308                v3add(vec3*, vec3*, vec3*)
                0xffc0a920                Quat_Normalize(quat*)
                0xffc0a8ac                clamped_acos(float)
                0xffc0a270                v3cross(vec3*, vec3*, vec3*)
                0xffc0ab38                v3dist(vec3*, vec3*)
                0xffc0a3a8                v3scale(vec3*, vec3*, float)
                0xffc0a73c                Quat_RotateVec3(quat*, vec3*, vec3*)
                0xffc0ab64                Quat_SetAxisAndAngle(quat*, vec3*, float)
                0xffc0a1c4                v3dot(vec3*, vec3*)
                0xffc0a3f4                v3invert(vec3*, vec3*)
                0xffc0a42c                Quat_Invert(quat*)
                0xffc0a220                v3mul(vec3*, vec3*, vec3*)
                0xffc0a7cc                Quat_Set(quat*, float, float, float, float)
 *fill*         0xffc0ac7a        0x2 00
 .text          0xffc0ac7c      0x33c ./dsm2_sub.o
                0xffc0af58                DSM2Task(void*)
                0xffc0ac7c                DSM_Con(unsigned short)
                0xffc0ad10                InitIDSM2SubSystem(unsigned short, os_sem*)
                0xffc0ad48                ParseDSMChar(char)
 .text          0xffc0afb8      0x66a ./ublxgps.o
                0xffc0b020                ConLittleEnd(unsigned short)
                0xffc0b0d8                UBX_Parser(unsigned char)
                0xffc0afdc                ConLittleEnd(int)
                0xffc0b0a0                InitGpsSubSystem(unsigned short, os_sem*)
                0xffc0b5c4                GpsTask(void*)
                0xffc0b000                ConLittleEnd(short)
                0xffc0afb8                ConLittleEnd(unsigned long)
 *fill*         0xffc0b622        0x2 00
 .text          0xffc0b624      0x298 C:\nburn\lib\MOD5213.a(bsp.o)
                0xffc0b798                _sbrk_r
                0xffc0b83c                HardwareSetup
                0xffc0b628                Tick5213
                0xffc0b718                DisableCache
                0xffc0b7e4                spaceleft
                0xffc0b81c                ForceReboot
                0xffc0b624                xTick
                0xffc0b72c                EnableCache
                0xffc0b640                SetIntc
 .text          0xffc0b8bc       0x62 C:\nburn\lib\MOD5213.a(magic.o)
                0xffc0b8e8                MagicLoad
                0xffc0b8c0                asm_magicload
                0xffc0b8d4                EnableSerialUpdate
                0xffc0b8bc                Foo
 *fill*         0xffc0b91e        0x2 00
 .text          0xffc0b920        0xa C:\nburn\lib\MOD5213.a(atexit.o)
                0xffc0b920                atexit
 *fill*         0xffc0b92a        0x2 00
 .text          0xffc0b92c       0xbe C:\nburn\lib\MOD5213.a(userflash.o)
                0xffc0b9dc                GetUserParameters
                0xffc0b92c                FlashProgram
                0xffc0b978                SaveUserParameters
 *fill*         0xffc0b9ea        0x2 00
 .text          0xffc0b9ec      0x5ee C:\nburn\lib\MOD5213.a(irq_serial_init.o)
                0xffc0bfa4                real_SER0_ISR
                0xffc0ba94                fake_SER0_ISR()
                0xffc0b9ec                fake_SER2_ISR()
                0xffc0ba44                SER1_ISR
                0xffc0bae8                InitIRQUart
                0xffc0bde0                DoSerIsr(int)
                0xffc0ba40                fake_SER1_ISR()
                0xffc0bfc8                real_SER2_ISR
                0xffc0bfb4                real_SER1_ISR
                0xffc0ba98                SER0_ISR
                0xffc0b9f0                SER2_ISR
 *fill*         0xffc0bfda        0x2 00
 .text          0xffc0bfdc       0xb0 C:\nburn\lib\MOD5213.a(irq_serial_read.o)
                0xffc0bfdc                IRQ_getchar
 .text          0xffc0c08c       0x4c C:\nburn\lib\MOD5213.a(irq_serial_char_avail.o)
                0xffc0c08c                IRQ_charavail
 .text          0xffc0c0d8      0x19a C:\nburn\lib\MOD5213.a(irq_serial_stdio.o)
                0xffc0c110                IRQ_assign_stdio
                0xffc0c218                irq_stdio_read(int, char*, int)
                0xffc0c140                IRQ_assign_sterr
                0xffc0c0d8                SetIRQFDIo(int, int)
                0xffc0c198                irq_stdio_write(int, char const*, int)
                0xffc0c154                irq_stdio_close(int)
 *fill*         0xffc0c272        0x2 00
 .text          0xffc0c274       0xd6 C:\nburn\lib\MOD5213.a(a2d.o)
                0xffc0c32c                ReadA2DResult(int)
                0xffc0c274                EnableAD(unsigned char)
 *fill*         0xffc0c34a        0x2 00
 .text          0xffc0c34c     0x151a C:\nburn\lib\MOD5213.a(pins.o)
                0xffc0c34c                PinIO::set(unsigned char)
                0xffc0d318                PinIO::function(int)
                0xffc0cb5c                PinIO::drive()
                0xffc0ce5c                PinIO::read()
 *fill*         0xffc0d866        0x2 00
 .text          0xffc0d868      0x860 C:\nburn\lib\MOD5213.a(i2cmaster.o)
                0xffc0d8bc                Master_I2CStop
                0xffc0de78                I2C_Master_Isr()
                0xffc0da28                Master_I2CRestart
                0xffc0d9a0                Master_I2CSend
                0xffc0d92c                Master_I2CRead
                0xffc0dbac                Master_I2CReadBuf
                0xffc0d868                fake_i2c_master_int_routine()
                0xffc0dd80                Master_I2CSendBuf
                0xffc0dff8                Master_I2CInit
                0xffc0daf0                Master_I2CStart
                0xffc0dfec                real_i2c_master_int_routine
                0xffc0d86c                i2c_master_int_routine
 .text          0xffc0e0c8       0xde C:\nburn\lib\MOD5213.a(userflashasm.o)
                0xffc0e14c                erase_test
                0xffc0e1a6                do_flash_end
                0xffc0e0c8                do_flash_start
 *fill*         0xffc0e1a6        0x2 00
 .text          0xffc0e1a8       0xa2 C:\nburn\lib\MOD5213.a(irq_serial_write.o)
                0xffc0e1a8                IRQ_writechar
 *fill*         0xffc0e24a        0x2 00
 .text          0xffc0e24c       0x36 C:\nburn\lib\MOD5213.a(irq_serial_close.o)
                0xffc0e24c                IRQ_close
 *fill*         0xffc0e282        0x2 00
 .text          0xffc0e284      0x136 C:\nburn\lib\NetBurner_nn.a(ucosmcfa.o)
                0xffc0e33e                OSDebugTraceHalt
                0xffc0e284                OSStartHighRdy
                0xffc0e342                memcpy
                0xffc0e342                fmemcpy
                0xffc0e29c                OSCtxSw
                0xffc0e2c4                OSIntCtxSw
                0xffc0e2ea                OSTickISR
                0xffc0e320                OSSetupVBR
                0xffc0e39c                GetSR_IntLevel
                0xffc0e3a0                SetSR_IntLevel
 *fill*         0xffc0e3ba        0x2 00
 .text          0xffc0e3bc      0x37a C:\nburn\lib\NetBurner_nn.a(ucosmcfc.o)
                0xffc0e3cc                OSTaskCreate
                0xffc0e3bc                TopOfStackKillfunction
                0xffc0e614                OSTCBInit
                0xffc0e3c0                KillFunctionLink
 *fill*         0xffc0e736        0x2 00
 .text          0xffc0e738      0x4c2 C:\nburn\lib\NetBurner_nn.a(ucos.o)
                0xffc0e9a4                UCOSWAITS_HERE
                0xffc0ebd0                getpid
                0xffc0e9b4                OSIntExit
                0xffc0ebec                kill
                0xffc0e90c                OSSched
                0xffc0eb9c                OSTCBGetFree
                0xffc0e884                OSStart
                0xffc0ea64                OSTimeTick
                0xffc0e738                OSInit
                0xffc0ebf4                _exit
 *fill*         0xffc0ebfa        0x2 00
 .text          0xffc0ebfc      0x1c8 C:\nburn\lib\NetBurner_nn.a(ucosmain.o)
                0xffc0ed34                __malloc_unlock
                0xffc0ec30                UCosBegin
                0xffc0ed54                balloc_lock
                0xffc0ed94                UCosSetup
                0xffc0ed18                balloc_unlock
                0xffc0ed74                __malloc_lock
                0xffc0ebfc                SetNoBuffer
 .text          0xffc0edc4       0x72 C:\nburn\lib\NetBurner_nn.a(ucos_OSTimeDly.o)
                0xffc0edc4                OSTimeDly
 *fill*         0xffc0ee36        0x2 00
 .text          0xffc0ee38       0x26 C:\nburn\lib\NetBurner_nn.a(ucos_OSLock.o)
                0xffc0ee38                OSLock
 *fill*         0xffc0ee5e        0x2 00
 .text          0xffc0ee60       0x2c C:\nburn\lib\NetBurner_nn.a(ucos_OSUnlock.o)
                0xffc0ee60                OSUnlock
 .text          0xffc0ee8c      0x11e C:\nburn\lib\NetBurner_nn.a(ucos_OSChangePrio.o)
                0xffc0ee8c                OSChangePrio
 *fill*         0xffc0efaa        0x2 00
 .text          0xffc0efac       0xda C:\nburn\lib\NetBurner_nn.a(ucos_OSTaskDelete.o)
                0xffc0efac                OSTaskDelete
 *fill*         0xffc0f086        0x2 00
 .text          0xffc0f088       0x5e C:\nburn\lib\NetBurner_nn.a(ucos_OSSemInit.o)
                0xffc0f088                OSSemInit
 *fill*         0xffc0f0e6        0x2 00
 .text          0xffc0f0e8      0x132 C:\nburn\lib\NetBurner_nn.a(ucos_OSSemPend.o)
                0xffc0f0e8                OSSemPend
 *fill*         0xffc0f21a        0x2 00
 .text          0xffc0f21c      0x11c C:\nburn\lib\NetBurner_nn.a(ucos_OSSemPost.o)
                0xffc0f21c                OSSemPost
 .text          0xffc0f338       0x3a C:\nburn\lib\NetBurner_nn.a(ucos_OSCritInit.o)
                0xffc0f338                OSCritInit
 *fill*         0xffc0f372        0x2 00
 .text          0xffc0f374      0x13a C:\nburn\lib\NetBurner_nn.a(ucos_OSCritEnter.o)
                0xffc0f374                OSCritEnter
 *fill*         0xffc0f4ae        0x2 00
 .text          0xffc0f4b0      0x116 C:\nburn\lib\NetBurner_nn.a(ucos_OSCritLeave.o)
                0xffc0f4b0                OSCritLeave
 *fill*         0xffc0f5c6        0x2 00
 .text          0xffc0f5c8      0x3ea C:\nburn\lib\NetBurner_nn.a(fileio.o)
                0xffc0f7fc                ioctl
                0xffc0f5f0                isatty
                0xffc0f7cc                lseek
                0xffc0f8a4                write
                0xffc0f5fc                fstat
                0xffc0f868                rawwrite
                0xffc0f630                stdioinbyte
                0xffc0f640                read
                0xffc0f7e4                open
                0xffc0f624                charavail
                0xffc0f618                fcntl
                0xffc0f5c8                close
 *fill*         0xffc0f9b2        0x2 00
 .text          0xffc0f9b4       0x96 C:\nburn\lib\NetBurner_nn.a(main.o)
                0xffc0f9ec                main
                0xffc0f9b4                __do_global_ctors
 *fill*         0xffc0fa4a        0x2 00
 .text          0xffc0fa4c     0x1032 C:\nburn\lib\NetBurner_nn.a(smarttrap.o)
                0xffc0fb9c                WalkStack(os_tcb*, unsigned long, unsigned long)
                0xffc0fc18                Local_ShowTaskName(unsigned char)
                0xffc0fac0                Local_OutHex
                0xffc0feac                smart_trap_asm
                0xffc0fccc                Local_OutTCBState(os_tcb*, unsigned long, unsigned long)
                0xffc0fa4c                SafeRead(unsigned long)
                0xffc0fb6c                Local_OutString
                0xffc0fea4                Smart_Trap_Holder()
                0xffc0fa70                EnableSmartTraps
                0xffc0fb54                Local_OutHexLong
 *fill*         0xffc10a7e        0x2 00
 .text          0xffc10a80      0xe7a C:\nburn\lib\NetBurner_nn.a(nbprintf.o)
                0xffc10e84                leadzero(int, int, int, void (*)(void*, char), void*, int&)
                0xffc1184c                putachar(void*, char)
                0xffc10a80                decimallen(unsigned long)
                0xffc10b70                octlen(unsigned long)
                0xffc10c04                binlen(unsigned long)
                0xffc10ecc                NB_internal_printf(void (*)(void*, char), void*, unsigned long*)
                0xffc10de4                prespace(int, int, int, void (*)(void*, char), void*, int&)
                0xffc118e4                iprintf
                0xffc10b04                hexlen(unsigned long)
                0xffc10e34                postspace(int, int, int, void (*)(void*, char), void*, int&)
 *fill*         0xffc118fa        0x2 00
 .text          0xffc118fc       0x2e C:\nburn\lib\NetBurner_nn.a(nbsprintf.o)
                0xffc118fc                putaschar(void*, char)
                0xffc11910                siprintf
 *fill*         0xffc1192a        0x2 00
 .text          0xffc1192c       0xa6 C:\nburn\lib\MOD5213.a(localio.o)
                0xffc1192c                LocalInByte
                0xffc119a0                outbyte
                0xffc11958                LocalOutByte
                0xffc119b4                LocalCharAvail
 *fill*         0xffc119d2        0x2 00
 .text          0xffc119d4      0x162 c:/nburn/gcc-m68k/bin/../lib/gcc/m68k-elf/4.2.1/../../../../m68k-elf/lib/m5213\libm.a(lib_a-s_cos.o)
                0xffc119d4                cos
 *fill*         0xffc11b36        0x2 00
 .text          0xffc11b38       0x1c c:/nburn/gcc-m68k/bin/../lib/gcc/m68k-elf/4.2.1/../../../../m68k-elf/lib/m5213\libm.a(lib_a-sf_isinff.o)
                0xffc11b38                __isinff
 .text          0xffc11b54       0x1c c:/nburn/gcc-m68k/bin/../lib/gcc/m68k-elf/4.2.1/../../../../m68k-elf/lib/m5213\libm.a(lib_a-sf_isnanf.o)
                0xffc11b54                __isnanf
 .text          0xffc11b70      0x164 c:/nburn/gcc-m68k/bin/../lib/gcc/m68k-elf/4.2.1/../../../../m68k-elf/lib/m5213\libm.a(lib_a-s_sin.o)
                0xffc11b70                sin
 .text          0xffc11cd4      0x102 c:/nburn/gcc-m68k/bin/../lib/gcc/m68k-elf/4.2.1/../../../../m68k-elf/lib/m5213\libm.a(lib_a-w_acos.o)
                0xffc11cd4                acos
 *fill*         0xffc11dd6        0x2 00
 .text          0xffc11dd8      0x102 c:/nburn/gcc-m68k/bin/../lib/gcc/m68k-elf/4.2.1/../../../../m68k-elf/lib/m5213\libm.a(lib_a-w_asin.o)
                0xffc11dd8                asin
 *fill*         0xffc11eda        0x2 00
 .text          0xffc11edc      0x126 c:/nburn/gcc-m68k/bin/../lib/gcc/m68k-elf/4.2.1/../../../../m68k-elf/lib/m5213\libm.a(lib_a-w_atan2.o)
                0xffc11edc                atan2
 *fill*         0xffc12002        0x2 00
 .text          0xffc12004      0x112 c:/nburn/gcc-m68k/bin/../lib/gcc/m68k-elf/4.2.1/../../../../m68k-elf/lib/m5213\libm.a(lib_a-w_sqrt.o)
                0xffc12004                sqrt
 *fill*         0xffc12116        0x2 00
 .text          0xffc12118      0x7ba c:/nburn/gcc-m68k/bin/../lib/gcc/m68k-elf/4.2.1/../../../../m68k-elf/lib/m5213\libm.a(lib_a-e_acos.o)
                0xffc12118                __ieee754_acos
 *fill*         0xffc128d2        0x2 00
 .text          0xffc128d4      0x918 c:/nburn/gcc-m68k/bin/../lib/gcc/m68k-elf/4.2.1/../../../../m68k-elf/lib/m5213\libm.a(lib_a-e_asin.o)
                0xffc128d4                __ieee754_asin
 .text          0xffc131ec      0x366 c:/nburn/gcc-m68k/bin/../lib/gcc/m68k-elf/4.2.1/../../../../m68k-elf/lib/m5213\libm.a(lib_a-e_atan2.o)
                0xffc131ec                __ieee754_atan2
 *fill*         0xffc13552        0x2 00
 .text          0xffc13554      0x738 c:/nburn/gcc-m68k/bin/../lib/gcc/m68k-elf/4.2.1/../../../../m68k-elf/lib/m5213\libm.a(lib_a-e_rem_pio2.o)
                0xffc13554                __ieee754_rem_pio2
 .text          0xffc13c8c      0x28c c:/nburn/gcc-m68k/bin/../lib/gcc/m68k-elf/4.2.1/../../../../m68k-elf/lib/m5213\libm.a(lib_a-e_sqrt.o)
                0xffc13c8c                __ieee754_sqrt
 .text          0xffc13f18      0x494 c:/nburn/gcc-m68k/bin/../lib/gcc/m68k-elf/4.2.1/../../../../m68k-elf/lib/m5213\libm.a(lib_a-k_cos.o)
                0xffc13f18                __kernel_cos
 .text          0xffc143ac      0xaf4 c:/nburn/gcc-m68k/bin/../lib/gcc/m68k-elf/4.2.1/../../../../m68k-elf/lib/m5213\libm.a(lib_a-k_rem_pio2.o)
                0xffc143ac                __kernel_rem_pio2
 .text          0xffc14ea0      0x23e c:/nburn/gcc-m68k/bin/../lib/gcc/m68k-elf/4.2.1/../../../../m68k-elf/lib/m5213\libm.a(lib_a-k_sin.o)
                0xffc14ea0                __kernel_sin
 *fill*         0xffc150de        0x2 00
 .text          0xffc150e0      0x564 c:/nburn/gcc-m68k/bin/../lib/gcc/m68k-elf/4.2.1/../../../../m68k-elf/lib/m5213\libm.a(lib_a-s_atan.o)
                0xffc150e0                atan
 .text          0xffc15644       0x20 c:/nburn/gcc-m68k/bin/../lib/gcc/m68k-elf/4.2.1/../../../../m68k-elf/lib/m5213\libm.a(lib_a-s_fabs.o)
                0xffc15644                fabs
 .text          0xffc15664      0x1e0 c:/nburn/gcc-m68k/bin/../lib/gcc/m68k-elf/4.2.1/../../../../m68k-elf/lib/m5213\libm.a(lib_a-s_floor.o)
                0xffc15664                floor
 .text          0xffc15844       0x34 c:/nburn/gcc-m68k/bin/../lib/gcc/m68k-elf/4.2.1/../../../../m68k-elf/lib/m5213\libm.a(lib_a-s_isnand.o)
                0xffc15844                __isnand
 .text          0xffc15878        0x0 c:/nburn/gcc-m68k/bin/../lib/gcc/m68k-elf/4.2.1/../../../../m68k-elf/lib/m5213\libm.a(lib_a-s_lib_ver.o)
 .text          0xffc15878        0xa c:/nburn/gcc-m68k/bin/../lib/gcc/m68k-elf/4.2.1/../../../../m68k-elf/lib/m5213\libm.a(lib_a-s_matherr.o)
                0xffc15878                matherr
 *fill*         0xffc15882        0x2 00
 .text          0xffc15884      0x210 c:/nburn/gcc-m68k/bin/../lib/gcc/m68k-elf/4.2.1/../../../../m68k-elf/lib/m5213\libm.a(lib_a-s_scalbn.o)
                0xffc15884                scalbn
 .text          0xffc15a94       0x2c c:/nburn/gcc-m68k/bin/../lib/gcc/m68k-elf/4.2.1/../../../../m68k-elf/lib/m5213\libm.a(lib_a-s_copysign.o)
                0xffc15a94                copysign
 .text          0xffc15ac0      0xba0 c:/nburn/gcc-m68k/bin/../lib/gcc/m68k-elf/4.2.1/m5213\libgcc.a(_double.o)
                0xffc165be                __cmpdf2
                0xffc15b20                __adddf3
                0xffc16488                __negdf2
                0xffc16198                __divdf3
                0xffc164e6                __cmpdf2_internal
                0xffc15fbc                __muldf3
                0xffc15b1a                __subdf3
 .text          0xffc16660      0x7ca c:/nburn/gcc-m68k/bin/../lib/gcc/m68k-elf/4.2.1/m5213\libgcc.a(_float.o)
                0xffc16ad2                __divsf3
                0xffc166a8                __subsf3
                0xffc16cc6                __negsf2
                0xffc16db8                __cmpsf2
                0xffc16d18                __cmpsf2_internal
                0xffc16990                __mulsf3
                0xffc166ae                __addsf3
 *fill*         0xffc16e2a        0x2 00
 .text          0xffc16e2c       0x74 c:/nburn/gcc-m68k/bin/../lib/gcc/m68k-elf/4.2.1/m5213\libgcc.a(_floatex.o)
                0xffc16e38                $_exception_handler
                0xffc16e2c                __clear_sticky_bit
 .text          0xffc16ea0       0x22 c:/nburn/gcc-m68k/bin/../lib/gcc/m68k-elf/4.2.1/m5213\libgcc.a(_eqdf2.o)
                0xffc16ea0                __eqdf2
 *fill*         0xffc16ec2        0x2 00
 .text          0xffc16ec4       0x22 c:/nburn/gcc-m68k/bin/../lib/gcc/m68k-elf/4.2.1/m5213\libgcc.a(_gtdf2.o)
                0xffc16ec4                __gtdf2
 *fill*         0xffc16ee6        0x2 00
 .text          0xffc16ee8       0x22 c:/nburn/gcc-m68k/bin/../lib/gcc/m68k-elf/4.2.1/m5213\libgcc.a(_gedf2.o)
                0xffc16ee8                __gedf2
 *fill*         0xffc16f0a        0x2 00
 .text          0xffc16f0c       0x22 c:/nburn/gcc-m68k/bin/../lib/gcc/m68k-elf/4.2.1/m5213\libgcc.a(_ltdf2.o)
                0xffc16f0c                __ltdf2
 *fill*         0xffc16f2e        0x2 00
 .text          0xffc16f30       0x1a c:/nburn/gcc-m68k/bin/../lib/gcc/m68k-elf/4.2.1/m5213\libgcc.a(_eqsf2.o)
                0xffc16f30                __eqsf2
 *fill*         0xffc16f4a        0x2 00
 .text          0xffc16f4c       0x1a c:/nburn/gcc-m68k/bin/../lib/gcc/m68k-elf/4.2.1/m5213\libgcc.a(_nesf2.o)
                0xffc16f4c                __nesf2
 *fill*         0xffc16f66        0x2 00
 .text          0xffc16f68       0x1a c:/nburn/gcc-m68k/bin/../lib/gcc/m68k-elf/4.2.1/m5213\libgcc.a(_gtsf2.o)
                0xffc16f68                __gtsf2
 *fill*         0xffc16f82        0x2 00
 .text          0xffc16f84       0x1a c:/nburn/gcc-m68k/bin/../lib/gcc/m68k-elf/4.2.1/m5213\libgcc.a(_gesf2.o)
                0xffc16f84                __gesf2
 *fill*         0xffc16f9e        0x2 00
 .text          0xffc16fa0       0x1a c:/nburn/gcc-m68k/bin/../lib/gcc/m68k-elf/4.2.1/m5213\libgcc.a(_ltsf2.o)
                0xffc16fa0                __ltsf2
 *fill*         0xffc16fba        0x2 00
 .text          0xffc16fbc       0x1a c:/nburn/gcc-m68k/bin/../lib/gcc/m68k-elf/4.2.1/m5213\libgcc.a(_lesf2.o)
                0xffc16fbc                __lesf2
 *fill*         0xffc16fd6        0x2 00
 .text          0xffc16fd8       0x58 c:/nburn/gcc-m68k/bin/../lib/gcc/m68k-elf/4.2.1/m5213\libgcc.a(_fixunssfsi.o)
                0xffc16fd8                __fixunssfsi
 .text          0xffc17030      0x49a c:/nburn/gcc-m68k/bin/../lib/gcc/m68k-elf/4.2.1/m5213\libgcc.a(fpgnulib.o)
                0xffc174b0                __fixsfsi
                0xffc17198                __floatsidf
                0xffc1726e                __extendsfdf2
                0xffc17126                __floatunsidf
                0xffc17430                __fixdfsi
                0xffc17254                __floatsisf
                0xffc17308                __truncdfsf2
                0xffc17030                __unordsf2
                0xffc1723a                __floatunsisf
                0xffc17092                __unorddf2
 *fill*         0xffc174ca        0x2 00
 .text          0xffc174cc        0xe c:/nburn/gcc-m68k/bin/../lib/gcc/m68k-elf/4.2.1/../../../../m68k-elf/lib/m5213\libc.a(lib_a-errno.o)
                0xffc174cc                __errno
 *fill*         0xffc174da        0x2 00
 .text          0xffc174dc        0x0 c:/nburn/gcc-m68k/bin/../lib/gcc/m68k-elf/4.2.1/../../../../m68k-elf/lib/m5213\libc.a(lib_a-impure.o)
 .text          0xffc174dc       0x56 c:/nburn/gcc-m68k/bin/../lib/gcc/m68k-elf/4.2.1/../../../../m68k-elf/lib/m5213\libc.a(lib_a-iscanf.o)
                0xffc174dc                _iscanf_r
                0xffc17506                iscanf
 *fill*         0xffc17532        0x2 00
 .text          0xffc17534       0x54 c:/nburn/gcc-m68k/bin/../lib/gcc/m68k-elf/4.2.1/../../../../m68k-elf/lib/m5213\libc.a(lib_a-printf.o)
                0xffc17534                printf
                0xffc1755e                _printf_r
 .text          0xffc17588      0x1ee c:/nburn/gcc-m68k/bin/../lib/gcc/m68k-elf/4.2.1/../../../../m68k-elf/lib/m5213\libc.a(lib_a-setvbuf.o)
                0xffc17588                setvbuf
 *fill*         0xffc17776        0x2 00
 .text          0xffc17778       0x1a c:/nburn/gcc-m68k/bin/../lib/gcc/m68k-elf/4.2.1/../../../../m68k-elf/lib/m5213\libc.a(lib_a-strlen.o)
                0xffc17778                strlen
 *fill*         0xffc17792        0x2 00
 .text          0xffc17794      0xd72 c:/nburn/gcc-m68k/bin/../lib/gcc/m68k-elf/4.2.1/../../../../m68k-elf/lib/m5213\libc.a(lib_a-vfiscanf.o)
                0xffc18450                _vfiscanf_r
                0xffc184b4                vfiscanf
                0xffc17794                __svfiscanf_r
                0xffc18432                __svfiscanf
 *fill*         0xffc18506        0x2 00
 .text          0xffc18508     0x1fac c:/nburn/gcc-m68k/bin/../lib/gcc/m68k-elf/4.2.1/../../../../m68k-elf/lib/m5213\libc.a(lib_a-vfprintf.o)
                0xffc1854c                _vfprintf_r
                0xffc1a496                vfprintf
 .text          0xffc1a4b4       0x7c c:/nburn/gcc-m68k/bin/../lib/gcc/m68k-elf/4.2.1/../../../../m68k-elf/lib/m5213\libc.a(lib_a-wcrtomb.o)
                0xffc1a4b4                _wcrtomb_r
                0xffc1a514                wcrtomb
 .text          0xffc1a530      0x130 c:/nburn/gcc-m68k/bin/../lib/gcc/m68k-elf/4.2.1/../../../../m68k-elf/lib/m5213\libc.a(lib_a-wcsrtombs.o)
                0xffc1a530                _wcsrtombs_r
                0xffc1a63e                wcsrtombs
 .text          0xffc1a660      0x452 c:/nburn/gcc-m68k/bin/../lib/gcc/m68k-elf/4.2.1/../../../../m68k-elf/lib/m5213\libc.a(lib_a-wctomb_r.o)
                0xffc1a660                _wctomb_r
 *fill*         0xffc1aab2        0x2 00
 .text          0xffc1aab4      0x130 c:/nburn/gcc-m68k/bin/../lib/gcc/m68k-elf/4.2.1/../../../../m68k-elf/lib/m5213\libc.a(lib_a-wsetup.o)
                0xffc1aab4                __swsetup
 .text          0xffc1abe4        0x0 c:/nburn/gcc-m68k/bin/../lib/gcc/m68k-elf/4.2.1/../../../../m68k-elf/lib/m5213\libc.a(lib_a-ctype_.o)
 .text          0xffc1abe4     0x160a c:/nburn/gcc-m68k/bin/../lib/gcc/m68k-elf/4.2.1/../../../../m68k-elf/lib/m5213\libc.a(lib_a-dtoa.o)
                0xffc1ad96                _dtoa_r
 *fill*         0xffc1c1ee        0x2 00
 .text          0xffc1c1f0      0x198 c:/nburn/gcc-m68k/bin/../lib/gcc/m68k-elf/4.2.1/../../../../m68k-elf/lib/m5213\libc.a(lib_a-fflush.o)
                0xffc1c1f0                fflush
 .text          0xffc1c388      0x25e c:/nburn/gcc-m68k/bin/../lib/gcc/m68k-elf/4.2.1/../../../../m68k-elf/lib/m5213\libc.a(lib_a-findfp.o)
                0xffc1c3e2                __sinit
                0xffc1c49a                __sfmoreglue
                0xffc1c488                _cleanup
                0xffc1c46e                _cleanup_r
                0xffc1c508                __sfp
 *fill*         0xffc1c5e6        0x2 00
 .text          0xffc1c5e8      0x248 c:/nburn/gcc-m68k/bin/../lib/gcc/m68k-elf/4.2.1/../../../../m68k-elf/lib/m5213\libc.a(lib_a-fread.o)
                0xffc1c80e                fread
                0xffc1c5e8                _fread_r
 .text          0xffc1c830      0x422 c:/nburn/gcc-m68k/bin/../lib/gcc/m68k-elf/4.2.1/../../../../m68k-elf/lib/m5213\libc.a(lib_a-freer.o)
                0xffc1c920                _free_r
                0xffc1c830                _malloc_trim_r
 *fill*         0xffc1cc52        0x2 00
 .text          0xffc1cc54      0x37e c:/nburn/gcc-m68k/bin/../lib/gcc/m68k-elf/4.2.1/../../../../m68k-elf/lib/m5213\libc.a(lib_a-fvwrite.o)
                0xffc1cc54                __sfvwrite_r
 *fill*         0xffc1cfd2        0x2 00
 .text          0xffc1cfd4       0xe4 c:/nburn/gcc-m68k/bin/../lib/gcc/m68k-elf/4.2.1/../../../../m68k-elf/lib/m5213\libc.a(lib_a-fwalk.o)
                0xffc1cfd4                _fwalk
                0xffc1d044                _fwalk_reent
 .text          0xffc1d0b8       0x2a c:/nburn/gcc-m68k/bin/../lib/gcc/m68k-elf/4.2.1/../../../../m68k-elf/lib/m5213\libc.a(lib_a-iswspace.o)
                0xffc1d0b8                iswspace
 *fill*         0xffc1d0e2        0x2 00
 .text          0xffc1d0e4       0xa6 c:/nburn/gcc-m68k/bin/../lib/gcc/m68k-elf/4.2.1/../../../../m68k-elf/lib/m5213\libc.a(lib_a-locale.o)
                0xffc1d112                _setlocale_r
                0xffc1d0e4                __locale_charset
                0xffc1d0f2                _localeconv_r
                0xffc1d172                setlocale
                0xffc1d100                localeconv
 *fill*         0xffc1d18a        0x2 00
 .text          0xffc1d18c      0x178 c:/nburn/gcc-m68k/bin/../lib/gcc/m68k-elf/4.2.1/../../../../m68k-elf/lib/m5213\libc.a(lib_a-makebuf.o)
                0xffc1d18c                __smakebuf
 .text          0xffc1d304       0x32 c:/nburn/gcc-m68k/bin/../lib/gcc/m68k-elf/4.2.1/../../../../m68k-elf/lib/m5213\libc.a(lib_a-malloc.o)
                0xffc1d31e                malloc
                0xffc1d304                free
 *fill*         0xffc1d336        0x2 00
 .text          0xffc1d338      0x78c c:/nburn/gcc-m68k/bin/../lib/gcc/m68k-elf/4.2.1/../../../../m68k-elf/lib/m5213\libc.a(lib_a-mallocr.o)
                0xffc1d338                _malloc_r
 .text          0xffc1dac4       0x8c c:/nburn/gcc-m68k/bin/../lib/gcc/m68k-elf/4.2.1/../../../../m68k-elf/lib/m5213\libc.a(lib_a-mbrtowc.o)
                0xffc1db2e                mbrtowc
                0xffc1dac4                _mbrtowc_r
 .text          0xffc1db50       0x56 c:/nburn/gcc-m68k/bin/../lib/gcc/m68k-elf/4.2.1/../../../../m68k-elf/lib/m5213\libc.a(lib_a-mbtowc_r.o)
                0xffc1db50                _mbtowc_r
 *fill*         0xffc1dba6        0x2 00
 .text          0xffc1dba8       0xd2 c:/nburn/gcc-m68k/bin/../lib/gcc/m68k-elf/4.2.1/../../../../m68k-elf/lib/m5213\libc.a(lib_a-memchr.o)
                0xffc1dba8                memchr
 *fill*         0xffc1dc7a        0x2 00
 .text          0xffc1dc7c       0xb6 c:/nburn/gcc-m68k/bin/../lib/gcc/m68k-elf/4.2.1/../../../../m68k-elf/lib/m5213\libc.a(lib_a-memmove.o)
                0xffc1dc7c                memmove
 *fill*         0xffc1dd32        0x2 00
 .text          0xffc1dd34       0x6c c:/nburn/gcc-m68k/bin/../lib/gcc/m68k-elf/4.2.1/../../../../m68k-elf/lib/m5213\libc.a(lib_a-memset.o)
                0xffc1dd34                memset
 .text          0xffc1dda0      0xc78 c:/nburn/gcc-m68k/bin/../lib/gcc/m68k-elf/4.2.1/../../../../m68k-elf/lib/m5213\libc.a(lib_a-mprec.o)
                0xffc1e0f4                _mprec_log10
                0xffc1e1aa                __any_on
                0xffc1e250                _Balloc
                0xffc1e062                __ratio
                0xffc1e778                __i2b
                0xffc1df72                __b2d
                0xffc1e940                __s2b
                0xffc1de90                __mcmp
                0xffc1dda0                __hi0bits
                0xffc1e85e                __pow5mult
                0xffc1e55c                __lshift
                0xffc1e60a                __multiply
                0xffc1e306                __d2b
                0xffc1e166                __copybits
                0xffc1def0                __ulp
                0xffc1e41c                __mdiff
                0xffc1de04                __lo0bits
                0xffc1e79a                __multadd
                0xffc1e216                _Bfree
 .text          0xffc1ea18      0x502 c:/nburn/gcc-m68k/bin/../lib/gcc/m68k-elf/4.2.1/../../../../m68k-elf/lib/m5213\libc.a(lib_a-reallocr.o)
                0xffc1ea18                _realloc_r
 *fill*         0xffc1ef1a        0x2 00
 .text          0xffc1ef1c      0x21c c:/nburn/gcc-m68k/bin/../lib/gcc/m68k-elf/4.2.1/../../../../m68k-elf/lib/m5213\libc.a(lib_a-refill.o)
                0xffc1ef40                __srefill_r
 .text          0xffc1f138       0xbc c:/nburn/gcc-m68k/bin/../lib/gcc/m68k-elf/4.2.1/../../../../m68k-elf/lib/m5213\libc.a(lib_a-sccl.o)
                0xffc1f138                __sccl
 .text          0xffc1f1f4       0x42 c:/nburn/gcc-m68k/bin/../lib/gcc/m68k-elf/4.2.1/../../../../m68k-elf/lib/m5213\libc.a(lib_a-s_isinfd.o)
                0xffc1f1f4                __isinfd
 *fill*         0xffc1f236        0x2 00
 .text          0xffc1f238      0x162 c:/nburn/gcc-m68k/bin/../lib/gcc/m68k-elf/4.2.1/../../../../m68k-elf/lib/m5213\libc.a(lib_a-stdio.o)
                0xffc1f256                __sseek
                0xffc1f348                __sread
                0xffc1f238                __sclose
                0xffc1f2b8                __swrite
 *fill*         0xffc1f39a        0x2 00
 .text          0xffc1f39c       0x70 c:/nburn/gcc-m68k/bin/../lib/gcc/m68k-elf/4.2.1/../../../../m68k-elf/lib/m5213\libc.a(lib_a-strcmp.o)
                0xffc1f39c                strcmp
 .text          0xffc1f40c      0x254 c:/nburn/gcc-m68k/bin/../lib/gcc/m68k-elf/4.2.1/../../../../m68k-elf/lib/m5213\libc.a(lib_a-strtoll_r.o)
                0xffc1f40c                _strtoll_r
 .text          0xffc1f660      0x18a c:/nburn/gcc-m68k/bin/../lib/gcc/m68k-elf/4.2.1/../../../../m68k-elf/lib/m5213\libc.a(lib_a-strtol.o)
                0xffc1f7cc                strtol
                0xffc1f660                _strtol_r
 *fill*         0xffc1f7ea        0x2 00
 .text          0xffc1f7ec      0x2ba c:/nburn/gcc-m68k/bin/../lib/gcc/m68k-elf/4.2.1/../../../../m68k-elf/lib/m5213\libc.a(lib_a-strtoull_r.o)
                0xffc1f7ec                _strtoull_r
 *fill*         0xffc1faa6        0x2 00
 .text          0xffc1faa8      0x19e c:/nburn/gcc-m68k/bin/../lib/gcc/m68k-elf/4.2.1/../../../../m68k-elf/lib/m5213\libc.a(lib_a-strtoul.o)
                0xffc1fc28                strtoul
                0xffc1faa8                _strtoul_r
 *fill*         0xffc1fc46        0x2 00
 .text          0xffc1fc48      0x230 c:/nburn/gcc-m68k/bin/../lib/gcc/m68k-elf/4.2.1/../../../../m68k-elf/lib/m5213\libc.a(lib_a-ungetc.o)
                0xffc1fe5e                ungetc
                0xffc1fc48                __submore
                0xffc1fd06                _ungetc_r
 .text          0xffc1fe78       0x3e c:/nburn/gcc-m68k/bin/../lib/gcc/m68k-elf/4.2.1/../../../../m68k-elf/lib/m5213\libc.a(lib_a-writer.o)
                0xffc1fe78                _write_r
 *fill*         0xffc1feb6        0x2 00
 .text          0xffc1feb8       0x92 c:/nburn/gcc-m68k/bin/../lib/gcc/m68k-elf/4.2.1/../../../../m68k-elf/lib/m5213\libc.a(lib_a-callocr.o)
                0xffc1feb8                _calloc_r
 *fill*         0xffc1ff4a        0x2 00
 .text          0xffc1ff4c       0x32 c:/nburn/gcc-m68k/bin/../lib/gcc/m68k-elf/4.2.1/../../../../m68k-elf/lib/m5213\libc.a(lib_a-closer.o)
                0xffc1ff4c                _close_r
 *fill*         0xffc1ff7e        0x2 00
 .text          0xffc1ff80       0xfe c:/nburn/gcc-m68k/bin/../lib/gcc/m68k-elf/4.2.1/../../../../m68k-elf/lib/m5213\libc.a(lib_a-fclose.o)
                0xffc1ff80                _fclose_r
                0xffc20068                fclose
 *fill*         0xffc2007e        0x2 00
 .text          0xffc20080       0x36 c:/nburn/gcc-m68k/bin/../lib/gcc/m68k-elf/4.2.1/../../../../m68k-elf/lib/m5213\libc.a(lib_a-fstatr.o)
                0xffc20080                _fstat_r
 *fill*         0xffc200b6        0x2 00
 .text          0xffc200b8       0x3e c:/nburn/gcc-m68k/bin/../lib/gcc/m68k-elf/4.2.1/../../../../m68k-elf/lib/m5213\libc.a(lib_a-lseekr.o)
                0xffc200b8                _lseek_r
 *fill*         0xffc200f6        0x2 00
 .text          0xffc200f8       0x3e c:/nburn/gcc-m68k/bin/../lib/gcc/m68k-elf/4.2.1/../../../../m68k-elf/lib/m5213\libc.a(lib_a-readr.o)
                0xffc200f8                _read_r
 *fill*         0xffc20136        0x2 00
 .text          0xffc20138       0x22 c:/nburn/gcc-m68k/bin/../lib/gcc/m68k-elf/4.2.1/m5213\libgcc.a(_nedf2.o)
                0xffc20138                __nedf2
 *fill*         0xffc2015a        0x2 00
 .text          0xffc2015c       0x72 c:/nburn/gcc-m68k/bin/../lib/gcc/m68k-elf/4.2.1/m5213\libgcc.a(_muldi3.o)
                0xffc2015c                __muldi3
 *fill*         0xffc201ce        0x2 00
 .text          0xffc201d0      0x3dc c:/nburn/gcc-m68k/bin/../lib/gcc/m68k-elf/4.2.1/m5213\libgcc.a(_udivdi3.o)
                0xffc201d0                __udivdi3
 .text          0xffc205ac      0x3e2 c:/nburn/gcc-m68k/bin/../lib/gcc/m68k-elf/4.2.1/m5213\libgcc.a(_umoddi3.o)
                0xffc205ac                __umoddi3
 *fill*         0xffc2098e        0x2 00
 .text          0xffc20990       0x32 c:/nburn/gcc-m68k/bin/../lib/gcc/m68k-elf/4.2.1/m5213/crtend.o
                0xffc209d0                . = ALIGN (0x10)
 *fill*         0xffc209c2        0xe 00
 *(.text.*)
                0xffc209d0                . = ALIGN (0x10)
 *(.eh_frame)
 .eh_frame      0xffc209d0        0x0 c:/nburn/gcc-m68k/bin/../lib/gcc/m68k-elf/4.2.1/m5213/crtbegin.o
 .eh_frame      0xffc209d0       0x40 c:/nburn/gcc-m68k/bin/../lib/gcc/m68k-elf/4.2.1/m5213\libgcc.a(_udivdi3.o)
 .eh_frame      0xffc20a10       0x2c c:/nburn/gcc-m68k/bin/../lib/gcc/m68k-elf/4.2.1/m5213\libgcc.a(_umoddi3.o)
                                 0x40 (size before relaxing)
 .eh_frame      0xffc20a3c        0x4 c:/nburn/gcc-m68k/bin/../lib/gcc/m68k-elf/4.2.1/m5213/crtend.o
                0xffc20a40                . = ALIGN (0x10)
 *fill*         0xffc20a40        0x0 00
 *(.gnu.linkonce.t.*)
                0xffc20a40                . = ALIGN (0x4)
                0xffc20a40                __CTOR_LIST__ = .
 *(.ctors)
 .ctors         0xffc20a40        0x4 c:/nburn/gcc-m68k/bin/../lib/gcc/m68k-elf/4.2.1/m5213/crtbegin.o
 .ctors         0xffc20a44        0x4 ./main.o
 .ctors         0xffc20a48        0x4 ./i2c_sub.o
 .ctors         0xffc20a4c        0x4 ./pitr_sem.o
 .ctors         0xffc20a50        0x4 ./servo_drive.o
 .ctors         0xffc20a54        0x4 ./spi_sub.o
 .ctors         0xffc20a58        0x4 ./a2d_sub.o
 .ctors         0xffc20a5c        0x4 ./log.o
 .ctors         0xffc20a60        0x4 ./sensor_config.o
 .ctors         0xffc20a64        0x4 ./imu.o
 .ctors         0xffc20a68        0x4 ./exmath.o
 .ctors         0xffc20a6c        0x4 ./dsm2_sub.o
 .ctors         0xffc20a70        0x4 ./ublxgps.o
 .ctors         0xffc20a74        0x4 c:/nburn/gcc-m68k/bin/../lib/gcc/m68k-elf/4.2.1/m5213/crtend.o
                0xffc20a78                __CTOR_END__ = .
                0xffc20a78        0x4 LONG 0x0
                0xffc20a7c                __CTOR_END__ = .
                0xffc20a7c                __DTOR_LIST__ = .
                0xffc20a7c                ___DTOR_LIST__ = .
                0xffc20a7c        0x4 LONG 0x2 (((__DTOR_END__ - __DTOR_LIST__) / 0x4) - 0x2)
 *(.dtors)
 .dtors         0xffc20a80        0x4 c:/nburn/gcc-m68k/bin/../lib/gcc/m68k-elf/4.2.1/m5213/crtbegin.o
 .dtors         0xffc20a84        0x4 c:/nburn/gcc-m68k/bin/../lib/gcc/m68k-elf/4.2.1/m5213/crtend.o
                0xffc20a88        0x4 LONG 0x0
                0xffc20a8c                __DTOR_END__ = .
 *(.rodata)
 .rodata        0xffc20a8c      0x108 C:\nburn\lib\NetBurner_nn.a(ucos.o)
                0xffc20a8c                OSMapTbl
                0xffc20a94                OSUnMapTbl
 .rodata        0xffc20b94      0x188 c:/nburn/gcc-m68k/bin/../lib/gcc/m68k-elf/4.2.1/../../../../m68k-elf/lib/m5213\libm.a(lib_a-e_rem_pio2.o)
 .rodata        0xffc20d1c       0x50 c:/nburn/gcc-m68k/bin/../lib/gcc/m68k-elf/4.2.1/../../../../m68k-elf/lib/m5213\libm.a(lib_a-k_rem_pio2.o)
 .rodata        0xffc20d6c       0x40 c:/nburn/gcc-m68k/bin/../lib/gcc/m68k-elf/4.2.1/../../../../m68k-elf/lib/m5213\libm.a(lib_a-s_atan.o)
 .rodata        0xffc20dac        0x4 c:/nburn/gcc-m68k/bin/../lib/gcc/m68k-elf/4.2.1/../../../../m68k-elf/lib/m5213\libc.a(lib_a-impure.o)
                0xffc20dac                _global_impure_ptr
 .rodata        0xffc20db0       0x22 c:/nburn/gcc-m68k/bin/../lib/gcc/m68k-elf/4.2.1/../../../../m68k-elf/lib/m5213\libc.a(lib_a-vfiscanf.o)
 .rodata        0xffc20dd2       0x20 c:/nburn/gcc-m68k/bin/../lib/gcc/m68k-elf/4.2.1/../../../../m68k-elf/lib/m5213\libc.a(lib_a-vfprintf.o)
 .rodata        0xffc20df2      0x101 c:/nburn/gcc-m68k/bin/../lib/gcc/m68k-elf/4.2.1/../../../../m68k-elf/lib/m5213\libc.a(lib_a-ctype_.o)
                0xffc20df2                _ctype_
 *fill*         0xffc20ef3        0x1 00
 .rodata        0xffc20ef4       0x34 c:/nburn/gcc-m68k/bin/../lib/gcc/m68k-elf/4.2.1/../../../../m68k-elf/lib/m5213\libc.a(lib_a-locale.o)
 .rodata        0xffc20f28      0x124 c:/nburn/gcc-m68k/bin/../lib/gcc/m68k-elf/4.2.1/../../../../m68k-elf/lib/m5213\libc.a(lib_a-mprec.o)
                0xffc21018                __mprec_tinytens
                0xffc20f28                __mprec_tens
                0xffc20ff0                __mprec_bigtens
 *(.rodata.*)
 .rodata.str1.1
                0xffc2104c      0x3e9 ./main.o
                                0x401 (size before relaxing)
 .rodata.str1.1
                0xffc21435       0xa2 ./i2c_sub.o
 .rodata.str1.1
                0xffc214d7       0x22 ./pitr_sem.o
 .rodata.str1.1
                0xffc214f9       0x25 ./servo_drive.o
 .rodata.str1.1
                0xffc2151e       0x57 ./spi_sub.o
 .rodata.str1.1
                0xffc21575       0x21 ./a2d_sub.o
 .rodata.str1.1
                0xffc21596      0x431 ./log.o
                                0x43f (size before relaxing)
 .rodata.str1.1
                0xffc219c7       0x27 ./sensor_config.o
 .rodata.str1.1
                0xffc219ee       0x1d ./imu.o
 .rodata.str1.1
                0xffc21a0b       0x20 ./exmath.o
 .rodata.str1.1
                0xffc21a2b       0x22 ./dsm2_sub.o
 .rodata.str1.1
                0xffc21a4d       0x34 ./ublxgps.o
 .rodata.str1.1
                0xffc21a81        0x8 C:\nburn\lib\MOD5213.a(bsp.o)
 .rodata.str1.1
                0xffc21a89        0x3 C:\nburn\lib\NetBurner_nn.a(fileio.o)
                                  0x6 (size before relaxing)
 .rodata.str1.1
                0xffc21a8c      0x4f5 C:\nburn\lib\NetBurner_nn.a(smarttrap.o)
                                0x50a (size before relaxing)
 .rodata.str1.1
                0xffc21f81        0x9 C:\nburn\lib\NetBurner_nn.a(nbprintf.o)
 .rodata.str1.1
                0xffc21f8a        0x5 c:/nburn/gcc-m68k/bin/../lib/gcc/m68k-elf/4.2.1/../../../../m68k-elf/lib/m5213\libm.a(lib_a-w_acos.o)
 .rodata.str1.1
                0xffc21f8f        0x5 c:/nburn/gcc-m68k/bin/../lib/gcc/m68k-elf/4.2.1/../../../../m68k-elf/lib/m5213\libm.a(lib_a-w_asin.o)
 .rodata.str1.1
                0xffc21f94        0x6 c:/nburn/gcc-m68k/bin/../lib/gcc/m68k-elf/4.2.1/../../../../m68k-elf/lib/m5213\libm.a(lib_a-w_atan2.o)
 .rodata.str1.1
                0xffc21f9a        0x5 c:/nburn/gcc-m68k/bin/../lib/gcc/m68k-elf/4.2.1/../../../../m68k-elf/lib/m5213\libm.a(lib_a-w_sqrt.o)
 .rodata.str1.1
                0xffc21f9f        0x2 c:/nburn/gcc-m68k/bin/../lib/gcc/m68k-elf/4.2.1/../../../../m68k-elf/lib/m5213\libc.a(lib_a-impure.o)
 .rodata.str1.1
                0xffc21fa1       0x4c c:/nburn/gcc-m68k/bin/../lib/gcc/m68k-elf/4.2.1/../../../../m68k-elf/lib/m5213\libc.a(lib_a-vfprintf.o)
                                 0x57 (size before relaxing)
 .rodata.str1.1
                0xffc21fed       0x1d c:/nburn/gcc-m68k/bin/../lib/gcc/m68k-elf/4.2.1/../../../../m68k-elf/lib/m5213\libc.a(lib_a-wctomb_r.o)
 .rodata.str1.1
                0xffc2200a        0xd c:/nburn/gcc-m68k/bin/../lib/gcc/m68k-elf/4.2.1/../../../../m68k-elf/lib/m5213\libc.a(lib_a-dtoa.o)
                                  0xf (size before relaxing)
 .rodata.str1.1
                0xffc22017        0xb c:/nburn/gcc-m68k/bin/../lib/gcc/m68k-elf/4.2.1/../../../../m68k-elf/lib/m5213\libc.a(lib_a-locale.o)
                                 0x10 (size before relaxing)
 .rodata.str1.1
                0x00000000        0x1 c:/nburn/gcc-m68k/bin/../lib/gcc/m68k-elf/4.2.1/../../../../m68k-elf/lib/m5213\libc.a(lib_a-mbrtowc.o)
 *(.gnu.linkonce.*)
 *(.gcc_except_table)
                0x00000004                . = ALIGN (0x4)
 *fill*         0xffc22022        0x2 00
                0xffc22024                __INIT_SECTION__ = .
                0xffc22024        0x4 LONG 0x4e560000
 *(.init)
 .init          0xffc22028        0x6 c:/nburn/gcc-m68k/bin/../lib/gcc/m68k-elf/4.2.1/m5213/crtbegin.o
 .init          0xffc2202e        0x6 c:/nburn/gcc-m68k/bin/../lib/gcc/m68k-elf/4.2.1/m5213/crtend.o
                0xffc22034        0x2 SHORT 0x4e5e
                0xffc22036        0x2 SHORT 0x4e75
                0xffc22038                . = ALIGN (0x4)
                0xffc22038                __FINI_SECTION__ = .
                0xffc22038        0x4 LONG 0x4e560000
 *(.fini)
 .fini          0xffc2203c        0x6 c:/nburn/gcc-m68k/bin/../lib/gcc/m68k-elf/4.2.1/m5213/crtbegin.o
                0xffc22042        0x2 SHORT 0x4e5e
                0xffc22044        0x2 SHORT 0x4e75
 *(.lit)
                0xffc22050                . = ALIGN (0x10)
 *fill*         0xffc22046        0xa 00
                0xffc22050                _etext = .
                0xffc22050                etext = .

.data           0x20000400      0x860 load address 0xffc22050
                0x20000400                copy_start = .
 *(.shdata)
 *(.data)
 .data          0x20000400        0x4 c:/nburn/gcc-m68k/bin/../lib/gcc/m68k-elf/4.2.1/../../../../m68k-elf/lib/m5213\nb-crt0.o
 .data          0x20000404        0x8 c:/nburn/gcc-m68k/bin/../lib/gcc/m68k-elf/4.2.1/m5213/crtbegin.o
                0x20000404                __dso_handle
 .data          0x2000040c        0x4 ./main.o
                0x2000040c                AppName
 .data          0x20000410        0x0 ./i2c_sub.o
 .data          0x20000410        0x0 ./pitr_sem.o
 .data          0x20000410        0x0 ./servo_drive.o
 .data          0x20000410        0x0 ./spi_sub.o
 .data          0x20000410        0x0 ./a2d_sub.o
 .data          0x20000410        0x0 ./log.o
 .data          0x20000410        0x0 ./sensor_config.o
 .data          0x20000410        0x0 ./imu.o
 .data          0x20000410        0x0 ./exmath.o
 .data          0x20000410        0x0 ./dsm2_sub.o
 .data          0x20000410        0x0 ./ublxgps.o
 .data          0x20000410        0x8 C:\nburn\lib\MOD5213.a(bsp.o)
                0x20000410                PlatformName
                0x20000414                CPU_CLOCK
 .data          0x20000418        0x0 C:\nburn\lib\MOD5213.a(magic.o)
 .data          0x20000418        0x0 C:\nburn\lib\MOD5213.a(atexit.o)
 .data          0x20000418        0x0 C:\nburn\lib\MOD5213.a(userflash.o)
 .data          0x20000418        0x0 C:\nburn\lib\MOD5213.a(irq_serial_init.o)
 .data          0x20000418        0x0 C:\nburn\lib\MOD5213.a(irq_serial_read.o)
 .data          0x20000418        0x0 C:\nburn\lib\MOD5213.a(irq_serial_char_avail.o)
 .data          0x20000418        0x0 C:\nburn\lib\MOD5213.a(irq_serial_stdio.o)
 .data          0x20000418        0x0 C:\nburn\lib\MOD5213.a(a2d.o)
 .data          0x20000418        0x0 C:\nburn\lib\MOD5213.a(pins.o)
 .data          0x20000418        0x0 C:\nburn\lib\MOD5213.a(i2cmaster.o)
 .data          0x20000418        0x0 C:\nburn\lib\MOD5213.a(userflashasm.o)
 .data          0x20000418        0x0 C:\nburn\lib\MOD5213.a(irq_serial_write.o)
 .data          0x20000418        0x0 C:\nburn\lib\MOD5213.a(irq_serial_close.o)
 .data          0x20000418        0x0 C:\nburn\lib\NetBurner_nn.a(ucosmcfa.o)
 .data          0x20000418        0x0 C:\nburn\lib\NetBurner_nn.a(ucosmcfc.o)
 .data          0x20000418        0x0 C:\nburn\lib\NetBurner_nn.a(ucos.o)
 .data          0x20000418        0x0 C:\nburn\lib\NetBurner_nn.a(ucosmain.o)
 .data          0x20000418        0x0 C:\nburn\lib\NetBurner_nn.a(ucos_OSTimeDly.o)
 .data          0x20000418        0x0 C:\nburn\lib\NetBurner_nn.a(ucos_OSLock.o)
 .data          0x20000418        0x0 C:\nburn\lib\NetBurner_nn.a(ucos_OSUnlock.o)
 .data          0x20000418        0x0 C:\nburn\lib\NetBurner_nn.a(ucos_OSChangePrio.o)
 .data          0x20000418        0x0 C:\nburn\lib\NetBurner_nn.a(ucos_OSTaskDelete.o)
 .data          0x20000418        0x0 C:\nburn\lib\NetBurner_nn.a(ucos_OSSemInit.o)
 .data          0x20000418        0x0 C:\nburn\lib\NetBurner_nn.a(ucos_OSSemPend.o)
 .data          0x20000418        0x0 C:\nburn\lib\NetBurner_nn.a(ucos_OSSemPost.o)
 .data          0x20000418        0x0 C:\nburn\lib\NetBurner_nn.a(ucos_OSCritInit.o)
 .data          0x20000418        0x0 C:\nburn\lib\NetBurner_nn.a(ucos_OSCritEnter.o)
 .data          0x20000418        0x0 C:\nburn\lib\NetBurner_nn.a(ucos_OSCritLeave.o)
 .data          0x20000418        0x0 C:\nburn\lib\NetBurner_nn.a(fileio.o)
 .data          0x20000418        0x0 C:\nburn\lib\NetBurner_nn.a(main.o)
 .data          0x20000418        0x0 C:\nburn\lib\NetBurner_nn.a(smarttrap.o)
 .data          0x20000418        0x0 C:\nburn\lib\NetBurner_nn.a(nbprintf.o)
 .data          0x20000418        0x0 C:\nburn\lib\NetBurner_nn.a(nbsprintf.o)
 .data          0x20000418        0x0 C:\nburn\lib\MOD5213.a(localio.o)
 .data          0x20000418        0x0 c:/nburn/gcc-m68k/bin/../lib/gcc/m68k-elf/4.2.1/../../../../m68k-elf/lib/m5213\libm.a(lib_a-s_cos.o)
 .data          0x20000418        0x0 c:/nburn/gcc-m68k/bin/../lib/gcc/m68k-elf/4.2.1/../../../../m68k-elf/lib/m5213\libm.a(lib_a-sf_isinff.o)
 .data          0x20000418        0x0 c:/nburn/gcc-m68k/bin/../lib/gcc/m68k-elf/4.2.1/../../../../m68k-elf/lib/m5213\libm.a(lib_a-sf_isnanf.o)
 .data          0x20000418        0x0 c:/nburn/gcc-m68k/bin/../lib/gcc/m68k-elf/4.2.1/../../../../m68k-elf/lib/m5213\libm.a(lib_a-s_sin.o)
 .data          0x20000418        0x0 c:/nburn/gcc-m68k/bin/../lib/gcc/m68k-elf/4.2.1/../../../../m68k-elf/lib/m5213\libm.a(lib_a-w_acos.o)
 .data          0x20000418        0x0 c:/nburn/gcc-m68k/bin/../lib/gcc/m68k-elf/4.2.1/../../../../m68k-elf/lib/m5213\libm.a(lib_a-w_asin.o)
 .data          0x20000418        0x0 c:/nburn/gcc-m68k/bin/../lib/gcc/m68k-elf/4.2.1/../../../../m68k-elf/lib/m5213\libm.a(lib_a-w_atan2.o)
 .data          0x20000418        0x0 c:/nburn/gcc-m68k/bin/../lib/gcc/m68k-elf/4.2.1/../../../../m68k-elf/lib/m5213\libm.a(lib_a-w_sqrt.o)
 .data          0x20000418        0x0 c:/nburn/gcc-m68k/bin/../lib/gcc/m68k-elf/4.2.1/../../../../m68k-elf/lib/m5213\libm.a(lib_a-e_acos.o)
 .data          0x20000418        0x0 c:/nburn/gcc-m68k/bin/../lib/gcc/m68k-elf/4.2.1/../../../../m68k-elf/lib/m5213\libm.a(lib_a-e_asin.o)
 .data          0x20000418        0x0 c:/nburn/gcc-m68k/bin/../lib/gcc/m68k-elf/4.2.1/../../../../m68k-elf/lib/m5213\libm.a(lib_a-e_atan2.o)
 .data          0x20000418        0x0 c:/nburn/gcc-m68k/bin/../lib/gcc/m68k-elf/4.2.1/../../../../m68k-elf/lib/m5213\libm.a(lib_a-e_rem_pio2.o)
 .data          0x20000418        0x0 c:/nburn/gcc-m68k/bin/../lib/gcc/m68k-elf/4.2.1/../../../../m68k-elf/lib/m5213\libm.a(lib_a-e_sqrt.o)
 .data          0x20000418        0x0 c:/nburn/gcc-m68k/bin/../lib/gcc/m68k-elf/4.2.1/../../../../m68k-elf/lib/m5213\libm.a(lib_a-k_cos.o)
 .data          0x20000418        0x0 c:/nburn/gcc-m68k/bin/../lib/gcc/m68k-elf/4.2.1/../../../../m68k-elf/lib/m5213\libm.a(lib_a-k_rem_pio2.o)
 .data          0x20000418        0x0 c:/nburn/gcc-m68k/bin/../lib/gcc/m68k-elf/4.2.1/../../../../m68k-elf/lib/m5213\libm.a(lib_a-k_sin.o)
 .data          0x20000418        0x0 c:/nburn/gcc-m68k/bin/../lib/gcc/m68k-elf/4.2.1/../../../../m68k-elf/lib/m5213\libm.a(lib_a-s_atan.o)
 .data          0x20000418        0x0 c:/nburn/gcc-m68k/bin/../lib/gcc/m68k-elf/4.2.1/../../../../m68k-elf/lib/m5213\libm.a(lib_a-s_fabs.o)
 .data          0x20000418        0x0 c:/nburn/gcc-m68k/bin/../lib/gcc/m68k-elf/4.2.1/../../../../m68k-elf/lib/m5213\libm.a(lib_a-s_floor.o)
 .data          0x20000418        0x0 c:/nburn/gcc-m68k/bin/../lib/gcc/m68k-elf/4.2.1/../../../../m68k-elf/lib/m5213\libm.a(lib_a-s_isnand.o)
 .data          0x20000418        0x4 c:/nburn/gcc-m68k/bin/../lib/gcc/m68k-elf/4.2.1/../../../../m68k-elf/lib/m5213\libm.a(lib_a-s_lib_ver.o)
                0x20000418                __fdlib_version
 .data          0x2000041c        0x0 c:/nburn/gcc-m68k/bin/../lib/gcc/m68k-elf/4.2.1/../../../../m68k-elf/lib/m5213\libm.a(lib_a-s_matherr.o)
 .data          0x2000041c        0x0 c:/nburn/gcc-m68k/bin/../lib/gcc/m68k-elf/4.2.1/../../../../m68k-elf/lib/m5213\libm.a(lib_a-s_scalbn.o)
 .data          0x2000041c        0x0 c:/nburn/gcc-m68k/bin/../lib/gcc/m68k-elf/4.2.1/../../../../m68k-elf/lib/m5213\libm.a(lib_a-s_copysign.o)
 .data          0x2000041c        0x0 c:/nburn/gcc-m68k/bin/../lib/gcc/m68k-elf/4.2.1/m5213\libgcc.a(_double.o)
 .data          0x2000041c        0x0 c:/nburn/gcc-m68k/bin/../lib/gcc/m68k-elf/4.2.1/m5213\libgcc.a(_float.o)
 .data          0x2000041c       0x1c c:/nburn/gcc-m68k/bin/../lib/gcc/m68k-elf/4.2.1/m5213\libgcc.a(_floatex.o)
                0x2000041c                _fpCCR
 .data          0x20000438        0x0 c:/nburn/gcc-m68k/bin/../lib/gcc/m68k-elf/4.2.1/m5213\libgcc.a(_eqdf2.o)
 .data          0x20000438        0x0 c:/nburn/gcc-m68k/bin/../lib/gcc/m68k-elf/4.2.1/m5213\libgcc.a(_gtdf2.o)
 .data          0x20000438        0x0 c:/nburn/gcc-m68k/bin/../lib/gcc/m68k-elf/4.2.1/m5213\libgcc.a(_gedf2.o)
 .data          0x20000438        0x0 c:/nburn/gcc-m68k/bin/../lib/gcc/m68k-elf/4.2.1/m5213\libgcc.a(_ltdf2.o)
 .data          0x20000438        0x0 c:/nburn/gcc-m68k/bin/../lib/gcc/m68k-elf/4.2.1/m5213\libgcc.a(_eqsf2.o)
 .data          0x20000438        0x0 c:/nburn/gcc-m68k/bin/../lib/gcc/m68k-elf/4.2.1/m5213\libgcc.a(_nesf2.o)
 .data          0x20000438        0x0 c:/nburn/gcc-m68k/bin/../lib/gcc/m68k-elf/4.2.1/m5213\libgcc.a(_gtsf2.o)
 .data          0x20000438        0x0 c:/nburn/gcc-m68k/bin/../lib/gcc/m68k-elf/4.2.1/m5213\libgcc.a(_gesf2.o)
 .data          0x20000438        0x0 c:/nburn/gcc-m68k/bin/../lib/gcc/m68k-elf/4.2.1/m5213\libgcc.a(_ltsf2.o)
 .data          0x20000438        0x0 c:/nburn/gcc-m68k/bin/../lib/gcc/m68k-elf/4.2.1/m5213\libgcc.a(_lesf2.o)
 .data          0x20000438        0x0 c:/nburn/gcc-m68k/bin/../lib/gcc/m68k-elf/4.2.1/m5213\libgcc.a(_fixunssfsi.o)
 .data          0x20000438        0x0 c:/nburn/gcc-m68k/bin/../lib/gcc/m68k-elf/4.2.1/m5213\libgcc.a(fpgnulib.o)
 .data          0x20000438        0x0 c:/nburn/gcc-m68k/bin/../lib/gcc/m68k-elf/4.2.1/../../../../m68k-elf/lib/m5213\libc.a(lib_a-errno.o)
 .data          0x20000438      0x3f6 c:/nburn/gcc-m68k/bin/../lib/gcc/m68k-elf/4.2.1/../../../../m68k-elf/lib/m5213\libc.a(lib_a-impure.o)
                0x20000438                _impure_ptr
 *fill*         0x2000082e        0x2 00
 .data          0x20000830        0x0 c:/nburn/gcc-m68k/bin/../lib/gcc/m68k-elf/4.2.1/../../../../m68k-elf/lib/m5213\libc.a(lib_a-iscanf.o)
 .data          0x20000830        0x0 c:/nburn/gcc-m68k/bin/../lib/gcc/m68k-elf/4.2.1/../../../../m68k-elf/lib/m5213\libc.a(lib_a-printf.o)
 .data          0x20000830        0x0 c:/nburn/gcc-m68k/bin/../lib/gcc/m68k-elf/4.2.1/../../../../m68k-elf/lib/m5213\libc.a(lib_a-setvbuf.o)
 .data          0x20000830        0x0 c:/nburn/gcc-m68k/bin/../lib/gcc/m68k-elf/4.2.1/../../../../m68k-elf/lib/m5213\libc.a(lib_a-strlen.o)
 .data          0x20000830        0x0 c:/nburn/gcc-m68k/bin/../lib/gcc/m68k-elf/4.2.1/../../../../m68k-elf/lib/m5213\libc.a(lib_a-vfiscanf.o)
 .data          0x20000830        0x0 c:/nburn/gcc-m68k/bin/../lib/gcc/m68k-elf/4.2.1/../../../../m68k-elf/lib/m5213\libc.a(lib_a-vfprintf.o)
 .data          0x20000830        0x0 c:/nburn/gcc-m68k/bin/../lib/gcc/m68k-elf/4.2.1/../../../../m68k-elf/lib/m5213\libc.a(lib_a-wcrtomb.o)
 .data          0x20000830        0x0 c:/nburn/gcc-m68k/bin/../lib/gcc/m68k-elf/4.2.1/../../../../m68k-elf/lib/m5213\libc.a(lib_a-wcsrtombs.o)
 .data          0x20000830        0x0 c:/nburn/gcc-m68k/bin/../lib/gcc/m68k-elf/4.2.1/../../../../m68k-elf/lib/m5213\libc.a(lib_a-wctomb_r.o)
 .data          0x20000830        0x0 c:/nburn/gcc-m68k/bin/../lib/gcc/m68k-elf/4.2.1/../../../../m68k-elf/lib/m5213\libc.a(lib_a-wsetup.o)
 .data          0x20000830        0x4 c:/nburn/gcc-m68k/bin/../lib/gcc/m68k-elf/4.2.1/../../../../m68k-elf/lib/m5213\libc.a(lib_a-ctype_.o)
                0x20000830                __ctype_ptr
 .data          0x20000834        0x0 c:/nburn/gcc-m68k/bin/../lib/gcc/m68k-elf/4.2.1/../../../../m68k-elf/lib/m5213\libc.a(lib_a-dtoa.o)
 .data          0x20000834        0x0 c:/nburn/gcc-m68k/bin/../lib/gcc/m68k-elf/4.2.1/../../../../m68k-elf/lib/m5213\libc.a(lib_a-fflush.o)
 .data          0x20000834        0x0 c:/nburn/gcc-m68k/bin/../lib/gcc/m68k-elf/4.2.1/../../../../m68k-elf/lib/m5213\libc.a(lib_a-findfp.o)
 .data          0x20000834        0x0 c:/nburn/gcc-m68k/bin/../lib/gcc/m68k-elf/4.2.1/../../../../m68k-elf/lib/m5213\libc.a(lib_a-fread.o)
 .data          0x20000834        0x0 c:/nburn/gcc-m68k/bin/../lib/gcc/m68k-elf/4.2.1/../../../../m68k-elf/lib/m5213\libc.a(lib_a-freer.o)
 .data          0x20000834        0x0 c:/nburn/gcc-m68k/bin/../lib/gcc/m68k-elf/4.2.1/../../../../m68k-elf/lib/m5213\libc.a(lib_a-fvwrite.o)
 .data          0x20000834        0x0 c:/nburn/gcc-m68k/bin/../lib/gcc/m68k-elf/4.2.1/../../../../m68k-elf/lib/m5213\libc.a(lib_a-fwalk.o)
 .data          0x20000834        0x0 c:/nburn/gcc-m68k/bin/../lib/gcc/m68k-elf/4.2.1/../../../../m68k-elf/lib/m5213\libc.a(lib_a-iswspace.o)
 .data          0x20000834       0x10 c:/nburn/gcc-m68k/bin/../lib/gcc/m68k-elf/4.2.1/../../../../m68k-elf/lib/m5213\libc.a(lib_a-locale.o)
                0x20000834                __mb_cur_max
                0x20000838                __lc_ctype
 .data          0x20000844        0x0 c:/nburn/gcc-m68k/bin/../lib/gcc/m68k-elf/4.2.1/../../../../m68k-elf/lib/m5213\libc.a(lib_a-makebuf.o)
 .data          0x20000844        0x0 c:/nburn/gcc-m68k/bin/../lib/gcc/m68k-elf/4.2.1/../../../../m68k-elf/lib/m5213\libc.a(lib_a-malloc.o)
 .data          0x20000844      0x410 c:/nburn/gcc-m68k/bin/../lib/gcc/m68k-elf/4.2.1/../../../../m68k-elf/lib/m5213\libc.a(lib_a-mallocr.o)
                0x20000c50                __malloc_sbrk_base
                0x20000844                __malloc_av_
                0x20000c4c                __malloc_trim_threshold
 .data          0x20000c54        0x0 c:/nburn/gcc-m68k/bin/../lib/gcc/m68k-elf/4.2.1/../../../../m68k-elf/lib/m5213\libc.a(lib_a-mbrtowc.o)
 .data          0x20000c54        0x0 c:/nburn/gcc-m68k/bin/../lib/gcc/m68k-elf/4.2.1/../../../../m68k-elf/lib/m5213\libc.a(lib_a-mbtowc_r.o)
 .data          0x20000c54        0x0 c:/nburn/gcc-m68k/bin/../lib/gcc/m68k-elf/4.2.1/../../../../m68k-elf/lib/m5213\libc.a(lib_a-memchr.o)
 .data          0x20000c54        0x0 c:/nburn/gcc-m68k/bin/../lib/gcc/m68k-elf/4.2.1/../../../../m68k-elf/lib/m5213\libc.a(lib_a-memmove.o)
 .data          0x20000c54        0x0 c:/nburn/gcc-m68k/bin/../lib/gcc/m68k-elf/4.2.1/../../../../m68k-elf/lib/m5213\libc.a(lib_a-memset.o)
 .data          0x20000c54        0x0 c:/nburn/gcc-m68k/bin/../lib/gcc/m68k-elf/4.2.1/../../../../m68k-elf/lib/m5213\libc.a(lib_a-mprec.o)
 .data          0x20000c54        0x0 c:/nburn/gcc-m68k/bin/../lib/gcc/m68k-elf/4.2.1/../../../../m68k-elf/lib/m5213\libc.a(lib_a-reallocr.o)
 .data          0x20000c54        0x0 c:/nburn/gcc-m68k/bin/../lib/gcc/m68k-elf/4.2.1/../../../../m68k-elf/lib/m5213\libc.a(lib_a-refill.o)
 .data          0x20000c54        0x0 c:/nburn/gcc-m68k/bin/../lib/gcc/m68k-elf/4.2.1/../../../../m68k-elf/lib/m5213\libc.a(lib_a-sccl.o)
 .data          0x20000c54        0x0 c:/nburn/gcc-m68k/bin/../lib/gcc/m68k-elf/4.2.1/../../../../m68k-elf/lib/m5213\libc.a(lib_a-s_isinfd.o)
 .data          0x20000c54        0x0 c:/nburn/gcc-m68k/bin/../lib/gcc/m68k-elf/4.2.1/../../../../m68k-elf/lib/m5213\libc.a(lib_a-stdio.o)
 .data          0x20000c54        0x0 c:/nburn/gcc-m68k/bin/../lib/gcc/m68k-elf/4.2.1/../../../../m68k-elf/lib/m5213\libc.a(lib_a-strcmp.o)
 .data          0x20000c54        0x0 c:/nburn/gcc-m68k/bin/../lib/gcc/m68k-elf/4.2.1/../../../../m68k-elf/lib/m5213\libc.a(lib_a-strtoll_r.o)
 .data          0x20000c54        0x0 c:/nburn/gcc-m68k/bin/../lib/gcc/m68k-elf/4.2.1/../../../../m68k-elf/lib/m5213\libc.a(lib_a-strtol.o)
 .data          0x20000c54        0x0 c:/nburn/gcc-m68k/bin/../lib/gcc/m68k-elf/4.2.1/../../../../m68k-elf/lib/m5213\libc.a(lib_a-strtoull_r.o)
 .data          0x20000c54        0x0 c:/nburn/gcc-m68k/bin/../lib/gcc/m68k-elf/4.2.1/../../../../m68k-elf/lib/m5213\libc.a(lib_a-strtoul.o)
 .data          0x20000c54        0x0 c:/nburn/gcc-m68k/bin/../lib/gcc/m68k-elf/4.2.1/../../../../m68k-elf/lib/m5213\libc.a(lib_a-ungetc.o)
 .data          0x20000c54        0x0 c:/nburn/gcc-m68k/bin/../lib/gcc/m68k-elf/4.2.1/../../../../m68k-elf/lib/m5213\libc.a(lib_a-writer.o)
 .data          0x20000c54        0x0 c:/nburn/gcc-m68k/bin/../lib/gcc/m68k-elf/4.2.1/../../../../m68k-elf/lib/m5213\libc.a(lib_a-callocr.o)
 .data          0x20000c54        0x0 c:/nburn/gcc-m68k/bin/../lib/gcc/m68k-elf/4.2.1/../../../../m68k-elf/lib/m5213\libc.a(lib_a-closer.o)
 .data          0x20000c54        0x0 c:/nburn/gcc-m68k/bin/../lib/gcc/m68k-elf/4.2.1/../../../../m68k-elf/lib/m5213\libc.a(lib_a-fclose.o)
 .data          0x20000c54        0x0 c:/nburn/gcc-m68k/bin/../lib/gcc/m68k-elf/4.2.1/../../../../m68k-elf/lib/m5213\libc.a(lib_a-fstatr.o)
 .data          0x20000c54        0x0 c:/nburn/gcc-m68k/bin/../lib/gcc/m68k-elf/4.2.1/../../../../m68k-elf/lib/m5213\libc.a(lib_a-lseekr.o)
 .data          0x20000c54        0x0 c:/nburn/gcc-m68k/bin/../lib/gcc/m68k-elf/4.2.1/../../../../m68k-elf/lib/m5213\libc.a(lib_a-readr.o)
 .data          0x20000c54        0x0 c:/nburn/gcc-m68k/bin/../lib/gcc/m68k-elf/4.2.1/m5213\libgcc.a(_nedf2.o)
 .data          0x20000c54        0x0 c:/nburn/gcc-m68k/bin/../lib/gcc/m68k-elf/4.2.1/m5213\libgcc.a(_muldi3.o)
 .data          0x20000c54        0x0 c:/nburn/gcc-m68k/bin/../lib/gcc/m68k-elf/4.2.1/m5213\libgcc.a(_udivdi3.o)
 .data          0x20000c54        0x0 c:/nburn/gcc-m68k/bin/../lib/gcc/m68k-elf/4.2.1/m5213\libgcc.a(_umoddi3.o)
 .data          0x20000c54        0x0 c:/nburn/gcc-m68k/bin/../lib/gcc/m68k-elf/4.2.1/m5213/crtend.o
                0x20000c60                . = ALIGN (0x10)
 *fill*         0x20000c54        0xc 00
                0x20000c60                _edata = .
                0x20000c60                copy_end = .

.jcr            0x20000c60        0x4 load address 0xffc228b0
 .jcr           0x20000c60        0x0 c:/nburn/gcc-m68k/bin/../lib/gcc/m68k-elf/4.2.1/m5213/crtbegin.o
 .jcr           0x20000c60        0x4 c:/nburn/gcc-m68k/bin/../lib/gcc/m68k-elf/4.2.1/m5213/crtend.o

.bss            0x20000c64     0x5a04 load address 0xffc228b4
                0x20000c64                . = ALIGN (0x4)
                0x20000c64                __bss_start = .
 *(.shbss)
 *(.bss)
 .bss           0x20000c64        0x0 c:/nburn/gcc-m68k/bin/../lib/gcc/m68k-elf/4.2.1/../../../../m68k-elf/lib/m5213\nb-crt0.o
 .bss           0x20000c64       0x1a c:/nburn/gcc-m68k/bin/../lib/gcc/m68k-elf/4.2.1/m5213/crtbegin.o
 *fill*         0x20000c7e        0x2 00
 .bss           0x20000c80       0xe6 ./main.o
                0x20000cb4                alatrim
                0x20000c80                Pit100Hz_Sem
                0x20000caa                gSlew
                0x20000cb0                elatrim
                0x20000cae                gLastMagSerial
                0x20000ca8                bStaticZero
                0x20000c9c                GzerosF
                0x20000c8e                NewDataSem
 *fill*         0x20000d66        0x2 00
 .bss           0x20000d68      0x832 ./i2c_sub.o
                0x20000d6a                Compass_Result
                0x20000d72                Alt_Result
                0x20000d7e                Irq3_Sem
                0x20000d68                bNewCompass
 *fill*         0x2000159a        0x2 00
 .bss           0x2000159c       0x12 ./pitr_sem.o
                0x2000159c                Pit_Count
 *fill*         0x200015ae        0x2 00
 .bss           0x200015b0       0x36 ./servo_drive.o
                0x200015dc                bServoOff
                0x200015d4                servo_elapsed
                0x200015d8                servo_isrcnt
                0x200015b0                ServoTimes
                0x200015d0                servo_index
 *fill*         0x200015e6        0x2 00
 .bss           0x200015e8      0x86a ./spi_sub.o
                0x20001606                Irq2_Sem
                0x20001614                irq2_cnt
                0x20001640                bNewImu
                0x200015f8                Spi_Sem
                0x20001618                ImuResult
                0x200015e8                Spi_Crit
                0x20001628                ImuZeros
 *fill*         0x20001e52        0x2 00
 .bss           0x20001e54        0x8 ./a2d_sub.o
 .bss           0x20001e5c      0x32e ./log.o
                0x20001e60                LogErrors
                0x20001e5c                LogPagesWritten
                0x20001e64                LogShiftCrit
                0x20001e74                FileReporter::pRoot
 *fill*         0x2000218a        0x2 00
 .bss           0x2000218c       0xa0 ./sensor_config.o
                0x2000218c                SensorConfig
 .bss           0x2000222c       0x55 ./imu.o
                0x2000223c                g_world_down
                0x20002248                g_world_north
                0x2000222c                g_gyroFrame
 *fill*         0x20002281        0x3 00
 .bss           0x20002284        0x8 ./exmath.o
 .bss           0x2000228c      0x484 ./dsm2_sub.o
                0x200022c4                Screen
                0x200022ab                bMode
                0x200022a6                rcrx
                0x200022a2                LastPit
                0x20002290                DSM2_Result
                0x2000228c                TheLocalSem
                0x200022b0                RCBuf
                0x200022aa                bLog
                0x200022e4                Scaled_DSM2_Result
                0x200022ac                nMode
 .bss           0x20002710      0x8f8 ./ublxgps.o
                0x20002710                GPS_Result
                0x200027e6                CheckGPSOkay
                0x200027e5                PacketType
                0x200027a3                UbxPosLlh
                0x200027c0                UbxVelNed
                0x2000276e                UbxSol
 .bss           0x20003008        0x0 C:\nburn\lib\MOD5213.a(bsp.o)
 .bss           0x20003008        0x0 C:\nburn\lib\MOD5213.a(magic.o)
 .bss           0x20003008        0x0 C:\nburn\lib\MOD5213.a(atexit.o)
 .bss           0x20003008        0x0 C:\nburn\lib\MOD5213.a(userflash.o)
 .bss           0x20003008      0x6be C:\nburn\lib\MOD5213.a(irq_serial_init.o)
                0x200035c2                serial2_tx_buffer
                0x200033c2                serial1_tx_buffer
                0x200032c2                serial1_rx_buffer
                0x200034c2                serial2_rx_buffer
                0x200030c2                serial0_rx_buffer
                0x200031c2                serial0_tx_buffer
                0x20003008                IRQ_SerialRecords
 *fill*         0x200036c6        0x2 00
 .bss           0x200036c8        0x0 C:\nburn\lib\MOD5213.a(irq_serial_read.o)
 .bss           0x200036c8        0x0 C:\nburn\lib\MOD5213.a(irq_serial_char_avail.o)
 .bss           0x200036c8        0x0 C:\nburn\lib\MOD5213.a(irq_serial_stdio.o)
 .bss           0x200036c8        0x0 C:\nburn\lib\MOD5213.a(a2d.o)
 .bss           0x200036c8        0x1 C:\nburn\lib\MOD5213.a(pins.o)
                0x200036c8                Pins
 *fill*         0x200036c9        0x3 00
 .bss           0x200036cc       0x20 C:\nburn\lib\MOD5213.a(i2cmaster.o)
                0x200036cc                Master_I2C_TX_Semaphore
                0x200036ea                MASTER_RnW
                0x200036e8                MASTER_INT_STATUS
                0x200036da                Master_I2C_RX_Semaphore
                0x200036eb                MASTER_bRestarted
                0x200036e9                MASTER_bLastTX
 .bss           0x200036ec        0x0 C:\nburn\lib\MOD5213.a(userflashasm.o)
 .bss           0x200036ec        0x0 C:\nburn\lib\MOD5213.a(irq_serial_write.o)
 .bss           0x200036ec        0x0 C:\nburn\lib\MOD5213.a(irq_serial_close.o)
 .bss           0x200036ec        0x0 C:\nburn\lib\NetBurner_nn.a(ucosmcfa.o)
 .bss           0x200036ec        0x0 C:\nburn\lib\NetBurner_nn.a(ucosmcfc.o)
 .bss           0x200036ec        0x0 C:\nburn\lib\NetBurner_nn.a(ucos.o)
 .bss           0x200036ec       0x14 C:\nburn\lib\NetBurner_nn.a(ucosmain.o)
 .bss           0x20003700        0x0 C:\nburn\lib\NetBurner_nn.a(ucos_OSTimeDly.o)
 .bss           0x20003700        0x0 C:\nburn\lib\NetBurner_nn.a(ucos_OSLock.o)
 .bss           0x20003700        0x0 C:\nburn\lib\NetBurner_nn.a(ucos_OSUnlock.o)
 .bss           0x20003700        0x0 C:\nburn\lib\NetBurner_nn.a(ucos_OSChangePrio.o)
 .bss           0x20003700        0x0 C:\nburn\lib\NetBurner_nn.a(ucos_OSTaskDelete.o)
 .bss           0x20003700        0x0 C:\nburn\lib\NetBurner_nn.a(ucos_OSSemInit.o)
 .bss           0x20003700        0x0 C:\nburn\lib\NetBurner_nn.a(ucos_OSSemPend.o)
 .bss           0x20003700        0x0 C:\nburn\lib\NetBurner_nn.a(ucos_OSSemPost.o)
 .bss           0x20003700        0x0 C:\nburn\lib\NetBurner_nn.a(ucos_OSCritInit.o)
 .bss           0x20003700        0x0 C:\nburn\lib\NetBurner_nn.a(ucos_OSCritEnter.o)
 .bss           0x20003700        0x0 C:\nburn\lib\NetBurner_nn.a(ucos_OSCritLeave.o)
 .bss           0x20003700       0x18 C:\nburn\lib\NetBurner_nn.a(fileio.o)
 .bss           0x20003718        0x0 C:\nburn\lib\NetBurner_nn.a(main.o)
 .bss           0x20003718      0x406 C:\nburn\lib\NetBurner_nn.a(smarttrap.o)
 *fill*         0x20003b1e        0x2 00
 .bss           0x20003b20        0x1 C:\nburn\lib\NetBurner_nn.a(nbprintf.o)
 *fill*         0x20003b21        0x3 00
 .bss           0x20003b24        0x0 C:\nburn\lib\NetBurner_nn.a(nbsprintf.o)
 .bss           0x20003b24        0x0 C:\nburn\lib\MOD5213.a(localio.o)
 .bss           0x20003b24        0x0 c:/nburn/gcc-m68k/bin/../lib/gcc/m68k-elf/4.2.1/../../../../m68k-elf/lib/m5213\libm.a(lib_a-s_cos.o)
 .bss           0x20003b24        0x0 c:/nburn/gcc-m68k/bin/../lib/gcc/m68k-elf/4.2.1/../../../../m68k-elf/lib/m5213\libm.a(lib_a-sf_isinff.o)
 .bss           0x20003b24        0x0 c:/nburn/gcc-m68k/bin/../lib/gcc/m68k-elf/4.2.1/../../../../m68k-elf/lib/m5213\libm.a(lib_a-sf_isnanf.o)
 .bss           0x20003b24        0x0 c:/nburn/gcc-m68k/bin/../lib/gcc/m68k-elf/4.2.1/../../../../m68k-elf/lib/m5213\libm.a(lib_a-s_sin.o)
 .bss           0x20003b24        0x0 c:/nburn/gcc-m68k/bin/../lib/gcc/m68k-elf/4.2.1/../../../../m68k-elf/lib/m5213\libm.a(lib_a-w_acos.o)
 .bss           0x20003b24        0x0 c:/nburn/gcc-m68k/bin/../lib/gcc/m68k-elf/4.2.1/../../../../m68k-elf/lib/m5213\libm.a(lib_a-w_asin.o)
 .bss           0x20003b24        0x0 c:/nburn/gcc-m68k/bin/../lib/gcc/m68k-elf/4.2.1/../../../../m68k-elf/lib/m5213\libm.a(lib_a-w_atan2.o)
 .bss           0x20003b24        0x0 c:/nburn/gcc-m68k/bin/../lib/gcc/m68k-elf/4.2.1/../../../../m68k-elf/lib/m5213\libm.a(lib_a-w_sqrt.o)
 .bss           0x20003b24        0x0 c:/nburn/gcc-m68k/bin/../lib/gcc/m68k-elf/4.2.1/../../../../m68k-elf/lib/m5213\libm.a(lib_a-e_acos.o)
 .bss           0x20003b24        0x0 c:/nburn/gcc-m68k/bin/../lib/gcc/m68k-elf/4.2.1/../../../../m68k-elf/lib/m5213\libm.a(lib_a-e_asin.o)
 .bss           0x20003b24        0x0 c:/nburn/gcc-m68k/bin/../lib/gcc/m68k-elf/4.2.1/../../../../m68k-elf/lib/m5213\libm.a(lib_a-e_atan2.o)
 .bss           0x20003b24        0x0 c:/nburn/gcc-m68k/bin/../lib/gcc/m68k-elf/4.2.1/../../../../m68k-elf/lib/m5213\libm.a(lib_a-e_rem_pio2.o)
 .bss           0x20003b24        0x0 c:/nburn/gcc-m68k/bin/../lib/gcc/m68k-elf/4.2.1/../../../../m68k-elf/lib/m5213\libm.a(lib_a-e_sqrt.o)
 .bss           0x20003b24        0x0 c:/nburn/gcc-m68k/bin/../lib/gcc/m68k-elf/4.2.1/../../../../m68k-elf/lib/m5213\libm.a(lib_a-k_cos.o)
 .bss           0x20003b24        0x0 c:/nburn/gcc-m68k/bin/../lib/gcc/m68k-elf/4.2.1/../../../../m68k-elf/lib/m5213\libm.a(lib_a-k_rem_pio2.o)
 .bss           0x20003b24        0x0 c:/nburn/gcc-m68k/bin/../lib/gcc/m68k-elf/4.2.1/../../../../m68k-elf/lib/m5213\libm.a(lib_a-k_sin.o)
 .bss           0x20003b24        0x0 c:/nburn/gcc-m68k/bin/../lib/gcc/m68k-elf/4.2.1/../../../../m68k-elf/lib/m5213\libm.a(lib_a-s_atan.o)
 .bss           0x20003b24        0x0 c:/nburn/gcc-m68k/bin/../lib/gcc/m68k-elf/4.2.1/../../../../m68k-elf/lib/m5213\libm.a(lib_a-s_fabs.o)
 .bss           0x20003b24        0x0 c:/nburn/gcc-m68k/bin/../lib/gcc/m68k-elf/4.2.1/../../../../m68k-elf/lib/m5213\libm.a(lib_a-s_floor.o)
 .bss           0x20003b24        0x0 c:/nburn/gcc-m68k/bin/../lib/gcc/m68k-elf/4.2.1/../../../../m68k-elf/lib/m5213\libm.a(lib_a-s_isnand.o)
 .bss           0x20003b24        0x0 c:/nburn/gcc-m68k/bin/../lib/gcc/m68k-elf/4.2.1/../../../../m68k-elf/lib/m5213\libm.a(lib_a-s_lib_ver.o)
 .bss           0x20003b24        0x0 c:/nburn/gcc-m68k/bin/../lib/gcc/m68k-elf/4.2.1/../../../../m68k-elf/lib/m5213\libm.a(lib_a-s_matherr.o)
 .bss           0x20003b24        0x0 c:/nburn/gcc-m68k/bin/../lib/gcc/m68k-elf/4.2.1/../../../../m68k-elf/lib/m5213\libm.a(lib_a-s_scalbn.o)
 .bss           0x20003b24        0x0 c:/nburn/gcc-m68k/bin/../lib/gcc/m68k-elf/4.2.1/../../../../m68k-elf/lib/m5213\libm.a(lib_a-s_copysign.o)
 .bss           0x20003b24        0x0 c:/nburn/gcc-m68k/bin/../lib/gcc/m68k-elf/4.2.1/m5213\libgcc.a(_double.o)
 .bss           0x20003b24        0x0 c:/nburn/gcc-m68k/bin/../lib/gcc/m68k-elf/4.2.1/m5213\libgcc.a(_float.o)
 .bss           0x20003b24        0x0 c:/nburn/gcc-m68k/bin/../lib/gcc/m68k-elf/4.2.1/m5213\libgcc.a(_floatex.o)
 .bss           0x20003b24        0x0 c:/nburn/gcc-m68k/bin/../lib/gcc/m68k-elf/4.2.1/m5213\libgcc.a(_eqdf2.o)
 .bss           0x20003b24        0x0 c:/nburn/gcc-m68k/bin/../lib/gcc/m68k-elf/4.2.1/m5213\libgcc.a(_gtdf2.o)
 .bss           0x20003b24        0x0 c:/nburn/gcc-m68k/bin/../lib/gcc/m68k-elf/4.2.1/m5213\libgcc.a(_gedf2.o)
 .bss           0x20003b24        0x0 c:/nburn/gcc-m68k/bin/../lib/gcc/m68k-elf/4.2.1/m5213\libgcc.a(_ltdf2.o)
 .bss           0x20003b24        0x0 c:/nburn/gcc-m68k/bin/../lib/gcc/m68k-elf/4.2.1/m5213\libgcc.a(_eqsf2.o)
 .bss           0x20003b24        0x0 c:/nburn/gcc-m68k/bin/../lib/gcc/m68k-elf/4.2.1/m5213\libgcc.a(_nesf2.o)
 .bss           0x20003b24        0x0 c:/nburn/gcc-m68k/bin/../lib/gcc/m68k-elf/4.2.1/m5213\libgcc.a(_gtsf2.o)
 .bss           0x20003b24        0x0 c:/nburn/gcc-m68k/bin/../lib/gcc/m68k-elf/4.2.1/m5213\libgcc.a(_gesf2.o)
 .bss           0x20003b24        0x0 c:/nburn/gcc-m68k/bin/../lib/gcc/m68k-elf/4.2.1/m5213\libgcc.a(_ltsf2.o)
 .bss           0x20003b24        0x0 c:/nburn/gcc-m68k/bin/../lib/gcc/m68k-elf/4.2.1/m5213\libgcc.a(_lesf2.o)
 .bss           0x20003b24        0x0 c:/nburn/gcc-m68k/bin/../lib/gcc/m68k-elf/4.2.1/m5213\libgcc.a(_fixunssfsi.o)
 .bss           0x20003b24        0x0 c:/nburn/gcc-m68k/bin/../lib/gcc/m68k-elf/4.2.1/m5213\libgcc.a(fpgnulib.o)
 .bss           0x20003b24        0x0 c:/nburn/gcc-m68k/bin/../lib/gcc/m68k-elf/4.2.1/../../../../m68k-elf/lib/m5213\libc.a(lib_a-errno.o)
 .bss           0x20003b24        0x0 c:/nburn/gcc-m68k/bin/../lib/gcc/m68k-elf/4.2.1/../../../../m68k-elf/lib/m5213\libc.a(lib_a-impure.o)
 .bss           0x20003b24        0x0 c:/nburn/gcc-m68k/bin/../lib/gcc/m68k-elf/4.2.1/../../../../m68k-elf/lib/m5213\libc.a(lib_a-iscanf.o)
 .bss           0x20003b24        0x0 c:/nburn/gcc-m68k/bin/../lib/gcc/m68k-elf/4.2.1/../../../../m68k-elf/lib/m5213\libc.a(lib_a-printf.o)
 .bss           0x20003b24        0x0 c:/nburn/gcc-m68k/bin/../lib/gcc/m68k-elf/4.2.1/../../../../m68k-elf/lib/m5213\libc.a(lib_a-setvbuf.o)
 .bss           0x20003b24        0x0 c:/nburn/gcc-m68k/bin/../lib/gcc/m68k-elf/4.2.1/../../../../m68k-elf/lib/m5213\libc.a(lib_a-strlen.o)
 .bss           0x20003b24        0x0 c:/nburn/gcc-m68k/bin/../lib/gcc/m68k-elf/4.2.1/../../../../m68k-elf/lib/m5213\libc.a(lib_a-vfiscanf.o)
 .bss           0x20003b24        0x0 c:/nburn/gcc-m68k/bin/../lib/gcc/m68k-elf/4.2.1/../../../../m68k-elf/lib/m5213\libc.a(lib_a-vfprintf.o)
 .bss           0x20003b24        0x0 c:/nburn/gcc-m68k/bin/../lib/gcc/m68k-elf/4.2.1/../../../../m68k-elf/lib/m5213\libc.a(lib_a-wcrtomb.o)
 .bss           0x20003b24        0x0 c:/nburn/gcc-m68k/bin/../lib/gcc/m68k-elf/4.2.1/../../../../m68k-elf/lib/m5213\libc.a(lib_a-wcsrtombs.o)
 .bss           0x20003b24        0x0 c:/nburn/gcc-m68k/bin/../lib/gcc/m68k-elf/4.2.1/../../../../m68k-elf/lib/m5213\libc.a(lib_a-wctomb_r.o)
 .bss           0x20003b24        0x0 c:/nburn/gcc-m68k/bin/../lib/gcc/m68k-elf/4.2.1/../../../../m68k-elf/lib/m5213\libc.a(lib_a-wsetup.o)
 .bss           0x20003b24        0x0 c:/nburn/gcc-m68k/bin/../lib/gcc/m68k-elf/4.2.1/../../../../m68k-elf/lib/m5213\libc.a(lib_a-ctype_.o)
 .bss           0x20003b24        0x0 c:/nburn/gcc-m68k/bin/../lib/gcc/m68k-elf/4.2.1/../../../../m68k-elf/lib/m5213\libc.a(lib_a-dtoa.o)
 .bss           0x20003b24        0x0 c:/nburn/gcc-m68k/bin/../lib/gcc/m68k-elf/4.2.1/../../../../m68k-elf/lib/m5213\libc.a(lib_a-fflush.o)
 .bss           0x20003b24        0x0 c:/nburn/gcc-m68k/bin/../lib/gcc/m68k-elf/4.2.1/../../../../m68k-elf/lib/m5213\libc.a(lib_a-findfp.o)
 .bss           0x20003b24        0x0 c:/nburn/gcc-m68k/bin/../lib/gcc/m68k-elf/4.2.1/../../../../m68k-elf/lib/m5213\libc.a(lib_a-fread.o)
 .bss           0x20003b24        0x0 c:/nburn/gcc-m68k/bin/../lib/gcc/m68k-elf/4.2.1/../../../../m68k-elf/lib/m5213\libc.a(lib_a-freer.o)
 .bss           0x20003b24        0x0 c:/nburn/gcc-m68k/bin/../lib/gcc/m68k-elf/4.2.1/../../../../m68k-elf/lib/m5213\libc.a(lib_a-fvwrite.o)
 .bss           0x20003b24        0x0 c:/nburn/gcc-m68k/bin/../lib/gcc/m68k-elf/4.2.1/../../../../m68k-elf/lib/m5213\libc.a(lib_a-fwalk.o)
 .bss           0x20003b24        0x0 c:/nburn/gcc-m68k/bin/../lib/gcc/m68k-elf/4.2.1/../../../../m68k-elf/lib/m5213\libc.a(lib_a-iswspace.o)
 .bss           0x20003b24        0xc c:/nburn/gcc-m68k/bin/../lib/gcc/m68k-elf/4.2.1/../../../../m68k-elf/lib/m5213\libc.a(lib_a-locale.o)
                0x20003b24                __nlocale_changed
                0x20003b28                __mlocale_changed
                0x20003b2c                _PathLocale
 .bss           0x20003b30        0x0 c:/nburn/gcc-m68k/bin/../lib/gcc/m68k-elf/4.2.1/../../../../m68k-elf/lib/m5213\libc.a(lib_a-makebuf.o)
 .bss           0x20003b30        0x0 c:/nburn/gcc-m68k/bin/../lib/gcc/m68k-elf/4.2.1/../../../../m68k-elf/lib/m5213\libc.a(lib_a-malloc.o)
 .bss           0x20003b30       0x34 c:/nburn/gcc-m68k/bin/../lib/gcc/m68k-elf/4.2.1/../../../../m68k-elf/lib/m5213\libc.a(lib_a-mallocr.o)
                0x20003b30                __malloc_top_pad
                0x20003b34                __malloc_max_sbrked_mem
                0x20003b3c                __malloc_current_mallinfo
                0x20003b38                __malloc_max_total_mem
 .bss           0x20003b64        0x0 c:/nburn/gcc-m68k/bin/../lib/gcc/m68k-elf/4.2.1/../../../../m68k-elf/lib/m5213\libc.a(lib_a-mbrtowc.o)
 .bss           0x20003b64        0x0 c:/nburn/gcc-m68k/bin/../lib/gcc/m68k-elf/4.2.1/../../../../m68k-elf/lib/m5213\libc.a(lib_a-mbtowc_r.o)
 .bss           0x20003b64        0x0 c:/nburn/gcc-m68k/bin/../lib/gcc/m68k-elf/4.2.1/../../../../m68k-elf/lib/m5213\libc.a(lib_a-memchr.o)
 .bss           0x20003b64        0x0 c:/nburn/gcc-m68k/bin/../lib/gcc/m68k-elf/4.2.1/../../../../m68k-elf/lib/m5213\libc.a(lib_a-memmove.o)
 .bss           0x20003b64        0x0 c:/nburn/gcc-m68k/bin/../lib/gcc/m68k-elf/4.2.1/../../../../m68k-elf/lib/m5213\libc.a(lib_a-memset.o)
 .bss           0x20003b64        0x0 c:/nburn/gcc-m68k/bin/../lib/gcc/m68k-elf/4.2.1/../../../../m68k-elf/lib/m5213\libc.a(lib_a-mprec.o)
 .bss           0x20003b64        0x0 c:/nburn/gcc-m68k/bin/../lib/gcc/m68k-elf/4.2.1/../../../../m68k-elf/lib/m5213\libc.a(lib_a-reallocr.o)
 .bss           0x20003b64        0x0 c:/nburn/gcc-m68k/bin/../lib/gcc/m68k-elf/4.2.1/../../../../m68k-elf/lib/m5213\libc.a(lib_a-refill.o)
 .bss           0x20003b64        0x0 c:/nburn/gcc-m68k/bin/../lib/gcc/m68k-elf/4.2.1/../../../../m68k-elf/lib/m5213\libc.a(lib_a-sccl.o)
 .bss           0x20003b64        0x0 c:/nburn/gcc-m68k/bin/../lib/gcc/m68k-elf/4.2.1/../../../../m68k-elf/lib/m5213\libc.a(lib_a-s_isinfd.o)
 .bss           0x20003b64        0x0 c:/nburn/gcc-m68k/bin/../lib/gcc/m68k-elf/4.2.1/../../../../m68k-elf/lib/m5213\libc.a(lib_a-stdio.o)
 .bss           0x20003b64        0x0 c:/nburn/gcc-m68k/bin/../lib/gcc/m68k-elf/4.2.1/../../../../m68k-elf/lib/m5213\libc.a(lib_a-strcmp.o)
 .bss           0x20003b64        0x0 c:/nburn/gcc-m68k/bin/../lib/gcc/m68k-elf/4.2.1/../../../../m68k-elf/lib/m5213\libc.a(lib_a-strtoll_r.o)
 .bss           0x20003b64        0x0 c:/nburn/gcc-m68k/bin/../lib/gcc/m68k-elf/4.2.1/../../../../m68k-elf/lib/m5213\libc.a(lib_a-strtol.o)
 .bss           0x20003b64        0x0 c:/nburn/gcc-m68k/bin/../lib/gcc/m68k-elf/4.2.1/../../../../m68k-elf/lib/m5213\libc.a(lib_a-strtoull_r.o)
 .bss           0x20003b64        0x0 c:/nburn/gcc-m68k/bin/../lib/gcc/m68k-elf/4.2.1/../../../../m68k-elf/lib/m5213\libc.a(lib_a-strtoul.o)
 .bss           0x20003b64        0x0 c:/nburn/gcc-m68k/bin/../lib/gcc/m68k-elf/4.2.1/../../../../m68k-elf/lib/m5213\libc.a(lib_a-ungetc.o)
 .bss           0x20003b64        0x0 c:/nburn/gcc-m68k/bin/../lib/gcc/m68k-elf/4.2.1/../../../../m68k-elf/lib/m5213\libc.a(lib_a-writer.o)
 .bss           0x20003b64        0x0 c:/nburn/gcc-m68k/bin/../lib/gcc/m68k-elf/4.2.1/../../../../m68k-elf/lib/m5213\libc.a(lib_a-callocr.o)
 .bss           0x20003b64        0x0 c:/nburn/gcc-m68k/bin/../lib/gcc/m68k-elf/4.2.1/../../../../m68k-elf/lib/m5213\libc.a(lib_a-closer.o)
 .bss           0x20003b64        0x0 c:/nburn/gcc-m68k/bin/../lib/gcc/m68k-elf/4.2.1/../../../../m68k-elf/lib/m5213\libc.a(lib_a-fclose.o)
 .bss           0x20003b64        0x0 c:/nburn/gcc-m68k/bin/../lib/gcc/m68k-elf/4.2.1/../../../../m68k-elf/lib/m5213\libc.a(lib_a-fstatr.o)
 .bss           0x20003b64        0x0 c:/nburn/gcc-m68k/bin/../lib/gcc/m68k-elf/4.2.1/../../../../m68k-elf/lib/m5213\libc.a(lib_a-lseekr.o)
 .bss           0x20003b64        0x0 c:/nburn/gcc-m68k/bin/../lib/gcc/m68k-elf/4.2.1/../../../../m68k-elf/lib/m5213\libc.a(lib_a-readr.o)
 .bss           0x20003b64        0x0 c:/nburn/gcc-m68k/bin/../lib/gcc/m68k-elf/4.2.1/m5213\libgcc.a(_nedf2.o)
 .bss           0x20003b64        0x0 c:/nburn/gcc-m68k/bin/../lib/gcc/m68k-elf/4.2.1/m5213\libgcc.a(_muldi3.o)
 .bss           0x20003b64        0x0 c:/nburn/gcc-m68k/bin/../lib/gcc/m68k-elf/4.2.1/m5213\libgcc.a(_udivdi3.o)
 .bss           0x20003b64        0x0 c:/nburn/gcc-m68k/bin/../lib/gcc/m68k-elf/4.2.1/m5213\libgcc.a(_umoddi3.o)
 .bss           0x20003b64        0x0 c:/nburn/gcc-m68k/bin/../lib/gcc/m68k-elf/4.2.1/m5213/crtend.o
 *(.bss.*)
 *(COMMON)
 COMMON         0x20003b64        0xe C:\nburn\lib\MOD5213.a(bsp.o)
                0x20003b64                errno
                0x20003b68                TERR_REGISTER
                0x20003b6a                heap_ptr
                0x20003b6e                DEF_UART
 COMMON         0x20003b72        0x8 C:\nburn\lib\MOD5213.a(magic.o)
                0x20003b72                update_shutdown_func
                0x20003b76                pMagic
 COMMON         0x20003b7a      0x400 C:\nburn\lib\MOD5213.a(userflash.o)
                0x20003b7a                TheBuffer
 COMMON         0x20003f7a      0x128 C:\nburn\lib\NetBurner_nn.a(ucos.o)
                0x20003f7a                TimeTick
                0x20003f7e                OSLockNesting
                0x20003f7f                OSRunning
                0x20003f80                OSTCBList
                0x20003f84                Secs